Product: MDK-ARM Standard 5.10
Component: ARM Compiler 5.04 update 1 (build 49)
Tool: armlink [5040049]

==============================================================================

Section Cross References

    startup_stm32f10x_hd.o(STACK) refers (Special) to heapauxi.o(.text) for __use_two_region_memory
    startup_stm32f10x_hd.o(HEAP) refers (Special) to heapauxi.o(.text) for __use_two_region_memory
    startup_stm32f10x_hd.o(RESET) refers (Special) to heapauxi.o(.text) for __use_two_region_memory
    startup_stm32f10x_hd.o(RESET) refers to startup_stm32f10x_hd.o(STACK) for __initial_sp
    startup_stm32f10x_hd.o(RESET) refers to startup_stm32f10x_hd.o(.text) for Reset_Handler
    startup_stm32f10x_hd.o(RESET) refers to exti.o(i.EXTI0_IRQHandler) for EXTI0_IRQHandler
    startup_stm32f10x_hd.o(RESET) refers to exti.o(i.EXTI9_5_IRQHandler) for EXTI9_5_IRQHandler
    startup_stm32f10x_hd.o(RESET) refers to timer.o(i.TIM2_IRQHandler) for TIM2_IRQHandler
    startup_stm32f10x_hd.o(RESET) refers to timer.o(i.TIM3_IRQHandler) for TIM3_IRQHandler
    startup_stm32f10x_hd.o(RESET) refers to usmart.o(i.TIM4_IRQHandler) for TIM4_IRQHandler
    startup_stm32f10x_hd.o(RESET) refers to usart.o(i.USART1_IRQHandler) for USART1_IRQHandler
    startup_stm32f10x_hd.o(RESET) refers to exti.o(i.EXTI15_10_IRQHandler) for EXTI15_10_IRQHandler
    startup_stm32f10x_hd.o(.text) refers (Special) to heapauxi.o(.text) for __use_two_region_memory
    startup_stm32f10x_hd.o(.text) refers to __main.o(!!!main) for __main
    startup_stm32f10x_hd.o(.text) refers to startup_stm32f10x_hd.o(HEAP) for Heap_Mem
    startup_stm32f10x_hd.o(.text) refers to startup_stm32f10x_hd.o(STACK) for Stack_Mem
    test.o(i.camera_refresh) refers to ili93xx.o(i.LCD_Scan_Dir) for LCD_Scan_Dir
    test.o(i.camera_refresh) refers to ili93xx.o(i.LCD_SetCursor) for LCD_SetCursor
    test.o(i.camera_refresh) refers to ili93xx.o(i.LCD_WriteRAM_Prepare) for LCD_WriteRAM_Prepare
    test.o(i.camera_refresh) refers to test.o(i.pixels) for pixels
    test.o(i.camera_refresh) refers to exti.o(.data) for ov_sta
    test.o(i.camera_refresh) refers to timer.o(.data) for ov_frame
    test.o(i.main) refers to sys.o(i.Stm32_Clock_Init) for Stm32_Clock_Init
    test.o(i.main) refers to usart.o(i.uart_init) for uart_init
    test.o(i.main) refers to delay.o(i.delay_init) for delay_init
    test.o(i.main) refers to led.o(i.LED_Init) for LED_Init
    test.o(i.main) refers to ili93xx.o(i.LCD_Init) for LCD_Init
    test.o(i.main) refers to ili93xx.o(i.LCD_ShowString) for LCD_ShowString
    test.o(i.main) refers to delay.o(i.delay_ms) for delay_ms
    test.o(i.main) refers to ili93xx.o(i.LCD_Fill) for LCD_Fill
    test.o(i.main) refers to ov7670.o(i.OV7670_Init) for OV7670_Init
    test.o(i.main) refers to timer.o(i.TIM3_Int_Init) for TIM3_Int_Init
    test.o(i.main) refers to exti.o(i.EXTI15_Init) for EXTI15_Init
    test.o(i.main) refers to ov7670.o(i.OV7670_Window_Set) for OV7670_Window_Set
    test.o(i.main) refers to test.o(i.camera_refresh) for camera_refresh
    test.o(i.main) refers to test.o(.data) for freq_mul
    test.o(i.main) refers to ili93xx.o(.data) for POINT_COLOR
    test.o(i.main) refers to timer.o(.data) for ov_frame
    delay.o(i.delay_init) refers to delay.o(.data) for fac_us
    delay.o(i.delay_ms) refers to delay.o(.data) for fac_ms
    delay.o(i.delay_us) refers to delay.o(.data) for fac_us
    sys.o(i.MYRCC_DeInit) refers to sys.o(i.MY_NVIC_SetVectorTable) for MY_NVIC_SetVectorTable
    sys.o(i.MY_NVIC_Init) refers to sys.o(i.MY_NVIC_PriorityGroupConfig) for MY_NVIC_PriorityGroupConfig
    sys.o(i.Stm32_Clock_Init) refers to sys.o(i.MYRCC_DeInit) for MYRCC_DeInit
    sys.o(i.Sys_Standby) refers to sys.o(.emb_text) for WFI_SET
    usart.o(.rev16_text) refers (Special) to use_no_semi_2.o(.text) for __use_no_semihosting
    usart.o(.revsh_text) refers (Special) to use_no_semi_2.o(.text) for __use_no_semihosting
    usart.o(i.USART1_IRQHandler) refers (Special) to use_no_semi_2.o(.text) for __use_no_semihosting
    usart.o(i.USART1_IRQHandler) refers to test.o(.data) for CanSend
    usart.o(i.USART1_IRQHandler) refers to usart.o(.data) for USART_RX_STA
    usart.o(i.USART1_IRQHandler) refers to usart.o(.bss) for USART_RX_BUF
    usart.o(i._sys_exit) refers (Special) to use_no_semi_2.o(.text) for __use_no_semihosting
    usart.o(i.fputc) refers (Special) to use_no_semi_2.o(.text) for __use_no_semihosting
    usart.o(i.uart_init) refers (Special) to use_no_semi_2.o(.text) for __use_no_semihosting
    usart.o(i.uart_init) refers to fflt_clz.o(x$fpl$ffltu) for __aeabi_ui2f
    usart.o(i.uart_init) refers to fdiv.o(x$fpl$fdiv) for __aeabi_fdiv
    usart.o(i.uart_init) refers to ffixu.o(x$fpl$ffixu) for __aeabi_f2uiz
    usart.o(i.uart_init) refers to faddsub_clz.o(x$fpl$frsb) for __aeabi_frsub
    usart.o(i.uart_init) refers to fmul.o(x$fpl$fmul) for __aeabi_fmul
    usart.o(i.uart_init) refers to sys.o(i.MY_NVIC_Init) for MY_NVIC_Init
[...]
    libinit2.o(.ARM.Collect$$libinit$$00000014) refers to libinit2.o(.ARM.Collect$$libinit$$0000000D) for .ARM.Collect$$libinit$$0000000D
    libinit2.o(.ARM.Collect$$libinit$$00000016) refers to libinit2.o(.ARM.Collect$$libinit$$0000000D) for .ARM.Collect$$libinit$$0000000D
    libinit2.o(.ARM.Collect$$libinit$$00000024) refers to argv_veneer.o(.emb_text) for __ARM_argv_veneer
    libinit2.o(.ARM.Collect$$libinit$$00000025) refers to argv_veneer.o(.emb_text) for __ARM_argv_veneer
    rtexit2.o(.ARM.Collect$$rtexit$$00000003) refers to libshutdown.o(.ARM.Collect$$libshutdown$$00000000) for __rt_lib_shutdown
    rtexit2.o(.ARM.Collect$$rtexit$$00000004) refers to usart.o(i._sys_exit) for _sys_exit
    rtexit2.o(.ARM.exidx) refers to rtexit2.o(.ARM.Collect$$rtexit$$00000001) for .ARM.Collect$$rtexit$$00000001
    rtexit2.o(.ARM.exidx) refers to rtexit2.o(.ARM.Collect$$rtexit$$00000003) for .ARM.Collect$$rtexit$$00000003
    rtexit2.o(.ARM.exidx) refers to rtexit2.o(.ARM.Collect$$rtexit$$00000004) for .ARM.Collect$$rtexit$$00000004
    argv_veneer.o(.emb_text) refers to no_argv.o(.text) for __ARM_get_argv
    _get_argv_nomalloc.o(.text) refers (Special) to hrguard.o(.text) for __heap_region$guard
    _get_argv_nomalloc.o(.text) refers to defsig_rtmem_outer.o(.text) for __rt_SIGRTMEM
    _get_argv_nomalloc.o(.text) refers to sys_command.o(.text) for _sys_command_string
    libshutdown.o(.ARM.Collect$$libshutdown$$00000000) refers (Special) to libshutdown2.o(.ARM.Collect$$libshutdown$$00000006) for __rt_lib_shutdown_fp_trap_1
    libshutdown.o(.ARM.Collect$$libshutdown$$00000000) refers (Special) to libshutdown2.o(.ARM.Collect$$libshutdown$$0000000E) for __rt_lib_shutdown_heap_1
    libshutdown.o(.ARM.Collect$$libshutdown$$00000000) refers (Special) to libshutdown2.o(.ARM.Collect$$libshutdown$$0000000F) for __rt_lib_shutdown_return
    libshutdown.o(.ARM.Collect$$libshutdown$$00000000) refers (Special) to libshutdown2.o(.ARM.Collect$$libshutdown$$00000009) for __rt_lib_shutdown_signal_1
    libshutdown.o(.ARM.Collect$$libshutdown$$00000000) refers (Special) to libshutdown2.o(.ARM.Collect$$libshutdown$$00000003) for __rt_lib_shutdown_stdio_1
    libshutdown.o(.ARM.Collect$$libshutdown$$00000000) refers (Special) to libshutdown2.o(.ARM.Collect$$libshutdown$$0000000B) for __rt_lib_shutdown_user_alloc_1
    sys_command.o(.text) refers (Special) to use_no_semi.o(.text) for __I$use$semihosting
    sys_command.o(.text) refers (Special) to indicate_semi.o(.text) for __semihosting_library_function
    defsig_rtmem_outer.o(.text) refers to defsig_rtmem_inner.o(.text) for __rt_SIGRTMEM_inner
    defsig_rtmem_outer.o(.text) refers to defsig_exit.o(.text) for __sig_exit
    defsig_rtmem_formal.o(.text) refers to rt_raise.o(.text) for __rt_raise
    rt_raise.o(.text) refers to __raise.o(.text) for __raise
    rt_raise.o(.text) refers to usart.o(i._sys_exit) for _sys_exit
    defsig_exit.o(.text) refers to usart.o(i._sys_exit) for _sys_exit
    defsig_rtmem_inner.o(.text) refers to defsig_general.o(.text) for __default_signal_display
    __raise.o(.text) refers to defsig.o(CL$$defsig) for __default_signal_handler
    defsig_general.o(.text) refers to sys_wrch.o(.text) for _ttywrch
    sys_wrch.o(.text) refers (Special) to use_no_semi.o(.text) for __I$use$semihosting
    sys_wrch.o(.text) refers (Special) to indicate_semi.o(.text) for __semihosting_library_function
    defsig.o(CL$$defsig) refers to defsig_rtmem_inner.o(.text) for __rt_SIGRTMEM_inner
    defsig_abrt_inner.o(.text) refers to defsig_general.o(.text) for __default_signal_display
    defsig_fpe_inner.o(.text) refers to defsig_general.o(.text) for __default_signal_display
    defsig_rtred_inner.o(.text) refers to defsig_general.o(.text) for __default_signal_display
    defsig_stak_inner.o(.text) refers to defsig_general.o(.text) for __default_signal_display
    defsig_pvfn_inner.o(.text) refers to defsig_general.o(.text) for __default_signal_display
    defsig_cppl_inner.o(.text) refers to defsig_general.o(.text) for __default_signal_display
    defsig_segv_inner.o(.text) refers to defsig_general.o(.text) for __default_signal_display
    defsig_other.o(.text) refers to defsig_general.o(.text) for __default_signal_display


==============================================================================

Removing Unused input sections from the image.

    Removing test.o(.rev16_text), (4 bytes).
    Removing test.o(.revsh_text), (4 bytes).
    Removing delay.o(.rev16_text), (4 bytes).
    Removing delay.o(.revsh_text), (4 bytes).
    Removing sys.o(.rev16_text), (4 bytes).
    Removing sys.o(.revsh_text), (4 bytes).
    Removing sys.o(.emb_text), (12 bytes).
    Removing sys.o(i.Sys_Soft_Reset), (16 bytes).
    Removing sys.o(i.Sys_Standby), (76 bytes).
    Removing usart.o(.rev16_text), (4 bytes).
    Removing usart.o(.revsh_text), (4 bytes).
    Removing led.o(.rev16_text), (4 bytes).
    Removing led.o(.revsh_text), (4 bytes).
    Removing ili93xx.o(.rev16_text), (4 bytes).
    Removing ili93xx.o(.revsh_text), (4 bytes).
    Removing ili93xx.o(i.LCD_BGR2RGB), (26 bytes).
    Removing ili93xx.o(i.LCD_Color_Fill), (124 bytes).
    Removing ili93xx.o(i.LCD_DisplayOff), (84 bytes).
    Removing ili93xx.o(i.LCD_DisplayOn), (84 bytes).
    Removing ili93xx.o(i.LCD_DrawLine), (178 bytes).
    Removing ili93xx.o(i.LCD_DrawPoint), (64 bytes).
    Removing ili93xx.o(i.LCD_DrawRectangle), (60 bytes).
    Removing ili93xx.o(i.LCD_Draw_Circle), (176 bytes).
    Removing ili93xx.o(i.LCD_Pow), (22 bytes).
    Removing ili93xx.o(i.LCD_ReadPoint), (440 bytes).
    Removing ili93xx.o(i.LCD_Set_Window), (800 bytes).
    Removing ili93xx.o(i.LCD_ShowNum), (148 bytes).
    Removing ili93xx.o(i.LCD_ShowxNum), (190 bytes).
    Removing ili93xx.o(i.LCD_WriteRAM), (36 bytes).
    Removing exti.o(.rev16_text), (4 bytes).
    Removing exti.o(.revsh_text), (4 bytes).
    Removing exti.o(i.EXTI_Init), (176 bytes).
    Removing timer.o(.rev16_text), (4 bytes).
    Removing timer.o(.revsh_text), (4 bytes).
    Removing timer.o(i.TIM1_PWM_Init), (132 bytes).
    Removing timer.o(i.TIM2_Cap_Init), (168 bytes).
    Removing ov7670.o(.rev16_text), (4 bytes).
    Removing ov7670.o(.revsh_text), (4 bytes).
    Removing sccb.o(.rev16_text), (4 bytes).
    Removing sccb.o(.revsh_text), (4 bytes).
    Removing usmart.o(.rev16_text), (4 bytes).
    Removing usmart.o(.revsh_text), (4 bytes).
    Removing usmart_config.o(.rev16_text), (4 bytes).
    Removing usmart_config.o(.revsh_text), (4 bytes).
    Removing usmart_str.o(.rev16_text), (4 bytes).
    Removing usmart_str.o(.revsh_text), (4 bytes).

46 unused section(s) (total 3116 bytes) removed from the image.

==============================================================================

Image Symbol Table

    Local Symbols

    Symbol Name                              Value     Ov Type        Size  Object(Section)

    ../clib/angel/boardlib.s                 0x00000000   Number         0  boardshut.o ABSOLUTE
    ../clib/angel/boardlib.s                 0x00000000   Number         0  boardinit1.o ABSOLUTE
    ../clib/angel/boardlib.s                 0x00000000   Number         0  boardinit2.o ABSOLUTE
    ../clib/angel/boardlib.s                 0x00000000   Number         0  boardinit3.o ABSOLUTE
    ../clib/angel/dczerorl2.s                0x00000000   Number         0  __dczerorl2.o ABSOLUTE
    ../clib/angel/handlers.s                 0x00000000   Number         0  __scatter_zi.o ABSOLUTE
    ../clib/angel/kernel.s                   0x00000000   Number         0  rtexit2.o ABSOLUTE
    ../clib/angel/kernel.s                   0x00000000   Number         0  rtentry.o ABSOLUTE
    ../clib/angel/kernel.s                   0x00000000   Number         0  rtentry2.o ABSOLUTE
    ../clib/angel/kernel.s                   0x00000000   Number         0  rtentry4.o ABSOLUTE
    ../clib/angel/kernel.s                   0x00000000   Number         0  rtexit.o ABSOLUTE
    ../clib/angel/rt.s                       0x00000000   Number         0  rt_raise.o ABSOLUTE
    ../clib/angel/scatter.s                  0x00000000   Number         0  __scatter.o ABSOLUTE
    ../clib/angel/startup.s                  0x00000000   Number         0  __main.o ABSOLUTE
    ../clib/angel/sys.s                      0x00000000   Number         0  use_no_semi.o ABSOLUTE
    ../clib/angel/sys.s                      0x00000000   Number         0  use_no_semi_2.o ABSOLUTE
    ../clib/angel/sys.s                      0x00000000   Number         0  sys_stackheap_outer.o ABSOLUTE
    ../clib/angel/sys.s                      0x00000000   Number         0  libspace.o ABSOLUTE
    ../clib/angel/sys.s                      0x00000000   Number         0  indicate_semi.o ABSOLUTE
    ../clib/angel/sysapp.c                   0x00000000   Number         0  sys_wrch.o ABSOLUTE
    ../clib/angel/sysapp.c                   0x00000000   Number         0  sys_command.o ABSOLUTE
    ../clib/armsys.c                         0x00000000   Number         0  argv_veneer.o ABSOLUTE
    ../clib/armsys.c                         0x00000000   Number         0  argv_veneer.o ABSOLUTE
    ../clib/armsys.c                         0x00000000   Number         0  _get_argv_nomalloc.o ABSOLUTE
    ../clib/armsys.c                         0x00000000   Number         0  no_argv.o ABSOLUTE
    ../clib/heapalloc.c                      0x00000000   Number         0  hrguard.o ABSOLUTE
    ../clib/heapaux.c                        0x00000000   Number         0  heapauxi.o ABSOLUTE
    ../clib/libinit.s                        0x00000000   Number         0  libshutdown.o ABSOLUTE
    ../clib/libinit.s                        0x00000000   Number         0  libinit.o ABSOLUTE
    ../clib/libinit.s                        0x00000000   Number         0  libshutdown2.o ABSOLUTE
    ../clib/libinit.s                        0x00000000   Number         0  libinit2.o ABSOLUTE
    ../clib/misc.s                           0x00000000   Number         0  printf_stubs.o ABSOLUTE
    ../clib/printf.c                         0x00000000   Number         0  __printf_ss.o ABSOLUTE
    ../clib/printf.c                         0x00000000   Number         0  __printf_flags_ss.o ABSOLUTE
    ../clib/printf.c                         0x00000000   Number         0  __printf_nopercent.o ABSOLUTE
    ../clib/printf.c                         0x00000000   Number         0  _printf_char_common.o ABSOLUTE
    ../clib/printf.c                         0x00000000   Number         0  _printf_char_file.o ABSOLUTE
    ../clib/printf.c                         0x00000000   Number         0  _printf_char.o ABSOLUTE
    ../clib/printf.c                         0x00000000   Number         0  _printf_intcommon.o ABSOLUTE
    ../clib/printf.c                         0x00000000   Number         0  _printf_hex_int_ptr.o ABSOLUTE
    ../clib/printf.c                         0x00000000   Number         0  __2printf.o ABSOLUTE
    ../clib/printf.c                         0x00000000   Number         0  noretval__2printf.o ABSOLUTE
    ../clib/printf.c                         0x00000000   Number         0  __printf.o ABSOLUTE
    ../clib/printf.c                         0x00000000   Number         0  _printf_pad.o ABSOLUTE
    ../clib/printf.c                         0x00000000   Number         0  _printf_str.o ABSOLUTE
    ../clib/printf.c                         0x00000000   Number         0  _printf_dec.o ABSOLUTE
    ../clib/printf.c                         0x00000000   Number         0  _printf_hex_ll.o ABSOLUTE
    ../clib/printf.c                         0x00000000   Number         0  _printf_hex_int.o ABSOLUTE
    ../clib/printf.c                         0x00000000   Number         0  __printf_flags_ss_wp.o ABSOLUTE
    ../clib/printf.c                         0x00000000   Number         0  __printf_ss_wp.o ABSOLUTE
    ../clib/printf.c                         0x00000000   Number         0  __printf_flags_wp.o ABSOLUTE
    ../clib/printf.c                         0x00000000   Number         0  __printf_wp.o ABSOLUTE
    ../clib/printf.c                         0x00000000   Number         0  _printf_hex_int_ll.o ABSOLUTE
    ../clib/printf.c                         0x00000000   Number         0  _printf_hex_ptr.o ABSOLUTE
    ../clib/printf.c                         0x00000000   Number         0  _printf_hex_ll_ptr.o ABSOLUTE
    ../clib/printf.c                         0x00000000   Number         0  _printf_hex_int_ll_ptr.o ABSOLUTE
    ../clib/printf.c                         0x00000000   Number         0  __printf_flags.o ABSOLUTE
    ../clib/printf_percent.s                 0x00000000   Number         0  _printf_c.o ABSOLUTE
    ../clib/printf_percent.s                 0x00000000   Number         0  _printf_d.o ABSOLUTE
    ../clib/printf_percent.s                 0x00000000   Number         0  _printf_percent_end.o ABSOLUTE
    ../clib/printf_percent.s                 0x00000000   Number         0  _printf_u.o ABSOLUTE
    ../clib/printf_percent.s                 0x00000000   Number         0  _printf_percent.o ABSOLUTE
    ../clib/printf_percent.s                 0x00000000   Number         0  _printf_x.o ABSOLUTE
    ../clib/printf_percent.s                 0x00000000   Number         0  _printf_s.o ABSOLUTE
    ../clib/signal.c                         0x00000000   Number         0  defsig_abrt_inner.o ABSOLUTE
    ../clib/signal.c                         0x00000000   Number         0  defsig_general.o ABSOLUTE
    ../clib/signal.c                         0x00000000   Number         0  __raise.o ABSOLUTE
    ../clib/signal.c                         0x00000000   Number         0  defsig_rtmem_inner.o ABSOLUTE
    ../clib/signal.c                         0x00000000   Number         0  defsig_exit.o ABSOLUTE
    ../clib/signal.c                         0x00000000   Number         0  defsig_stak_inner.o ABSOLUTE
    ../clib/signal.c                         0x00000000   Number         0  defsig_pvfn_inner.o ABSOLUTE
    ../clib/signal.c                         0x00000000   Number         0  defsig_fpe_inner.o ABSOLUTE
    ../clib/signal.c                         0x00000000   Number         0  defsig_rtmem_formal.o ABSOLUTE
    ../clib/signal.c                         0x00000000   Number         0  defsig_rtmem_outer.o ABSOLUTE
    ../clib/signal.c                         0x00000000   Number         0  defsig_rtred_inner.o ABSOLUTE
    ../clib/signal.c                         0x00000000   Number         0  defsig_cppl_inner.o ABSOLUTE
    ../clib/signal.c                         0x00000000   Number         0  defsig_segv_inner.o ABSOLUTE
    ../clib/signal.c                         0x00000000   Number         0  defsig_other.o ABSOLUTE
    ../clib/signal.s                         0x00000000   Number         0  defsig.o ABSOLUTE
    ../clib/stdio.c                          0x00000000   Number         0  ferror_locked.o ABSOLUTE
    ../clib/stdio.c                          0x00000000   Number         0  ferror.o ABSOLUTE
    ../clib/stdlib.c                         0x00000000   Number         0  exit.o ABSOLUTE
    ../fplib/faddsub.s                       0x00000000   Number         0  faddsub_clz.o ABSOLUTE
    ../fplib/fdiv.s                          0x00000000   Number         0  fdiv.o ABSOLUTE
    ../fplib/ffixu.s                         0x00000000   Number         0  ffixu.o ABSOLUTE
    ../fplib/fflt.s                          0x00000000   Number         0  fflt_clz.o ABSOLUTE
    ../fplib/fmul.s                          0x00000000   Number         0  fmul.o ABSOLUTE
    ../fplib/fnaninf.s                       0x00000000   Number         0  fnaninf.o ABSOLUTE
    ../fplib/fpinit.s                        0x00000000   Number         0  fpinit.o ABSOLUTE
    ../fplib/fretinf.s                       0x00000000   Number         0  fretinf.o ABSOLUTE
    ../fplib/usenofp.s                       0x00000000   Number         0  usenofp.o ABSOLUTE
    ..\HARDWARE\EXTI\exti.c                  0x00000000   Number         0  exti.o ABSOLUTE
    ..\HARDWARE\LCD\ILI93xx.c                0x00000000   Number         0  ili93xx.o ABSOLUTE
    ..\HARDWARE\LED\led.c                    0x00000000   Number         0  led.o ABSOLUTE
    ..\HARDWARE\OV7670\ov7670.c              0x00000000   Number         0  ov7670.o ABSOLUTE
    ..\HARDWARE\OV7670\sccb.c                0x00000000   Number         0  sccb.o ABSOLUTE
    ..\HARDWARE\TIMER\timer.c                0x00000000   Number         0  timer.o ABSOLUTE
    ..\SYSTEM\delay\delay.c                  0x00000000   Number         0  delay.o ABSOLUTE
    ..\SYSTEM\sys\sys.c                      0x00000000   Number         0  sys.o ABSOLUTE
    ..\SYSTEM\usart\usart.c                  0x00000000   Number         0  usart.o ABSOLUTE
    ..\USMART\usmart.c                       0x00000000   Number         0  usmart.o ABSOLUTE
    ..\USMART\usmart_config.c                0x00000000   Number         0  usmart_config.o ABSOLUTE
    ..\USMART\usmart_str.c                   0x00000000   Number         0  usmart_str.o ABSOLUTE
    ..\\HARDWARE\\EXTI\\exti.c               0x00000000   Number         0  exti.o ABSOLUTE
    ..\\HARDWARE\\LCD\\ILI93xx.c             0x00000000   Number         0  ili93xx.o ABSOLUTE
    ..\\HARDWARE\\LED\\led.c                 0x00000000   Number         0  led.o ABSOLUTE
    ..\\HARDWARE\\OV7670\\ov7670.c           0x00000000   Number         0  ov7670.o ABSOLUTE
    ..\\HARDWARE\\OV7670\\sccb.c             0x00000000   Number         0  sccb.o ABSOLUTE
    ..\\HARDWARE\\TIMER\\timer.c             0x00000000   Number         0  timer.o ABSOLUTE
    ..\\SYSTEM\\delay\\delay.c               0x00000000   Number         0  delay.o ABSOLUTE
    ..\\SYSTEM\\sys\\sys.c                   0x00000000   Number         0  sys.o ABSOLUTE
    ..\\SYSTEM\\usart\\usart.c               0x00000000   Number         0  usart.o ABSOLUTE
    ..\\USMART\\usmart.c                     0x00000000   Number         0  usmart.o ABSOLUTE
    ..\\USMART\\usmart_config.c              0x00000000   Number         0  usmart_config.o ABSOLUTE
    ..\\USMART\\usmart_str.c                 0x00000000   Number         0  usmart_str.o ABSOLUTE
    dc.s                                     0x00000000   Number         0  dc.o ABSOLUTE
    startup_stm32f10x_hd.s                   0x00000000   Number         0  startup_stm32f10x_hd.o ABSOLUTE
    test.c                                   0x00000000   Number         0  test.o ABSOLUTE
    test.c                                   0x00000000   Number         0  test.o ABSOLUTE
    RESET                                    0x08000000   Section      304  startup_stm32f10x_hd.o(RESET)
    !!!main                                  0x08000130   Section        8  __main.o(!!!main)
    !!!scatter                               0x08000138   Section       52  __scatter.o(!!!scatter)
    !!dczerorl2                              0x0800016c   Section       90  __dczerorl2.o(!!dczerorl2)
    !!handler_zi                             0x080001c8   Section       28  __scatter_zi.o(!!handler_zi)
    .ARM.Collect$$_printf_percent$$00000000  0x080001e4   Section        0  _printf_percent.o(.ARM.Collect$$_printf_percent$$00000000)
    .ARM.Collect$$_printf_percent$$00000009  0x080001e4   Section        6  _printf_d.o(.ARM.Collect$$_printf_percent$$00000009)
    .ARM.Collect$$_printf_percent$$0000000A  0x080001ea   Section        6  _printf_u.o(.ARM.Collect$$_printf_percent$$0000000A)
    .ARM.Collect$$_printf_percent$$0000000C  0x080001f0   Section        6  _printf_x.o(.ARM.Collect$$_printf_percent$$0000000C)
    .ARM.Collect$$_printf_percent$$00000013  0x080001f6   Section        6  _printf_c.o(.ARM.Collect$$_printf_percent$$00000013)
    .ARM.Collect$$_printf_percent$$00000014  0x080001fc   Section        6  _printf_s.o(.ARM.Collect$$_printf_percent$$00000014)
    .ARM.Collect$$_printf_percent$$00000017  0x08000202   Section        4  _printf_percent_end.o(.ARM.Collect$$_printf_percent$$00000017)
    .ARM.Collect$$libinit$$00000000          0x08000206   Section        2  libinit.o(.ARM.Collect$$libinit$$00000000)
    .ARM.Collect$$libinit$$00000002          0x08000208   Section        0  libinit2.o(.ARM.Collect$$libinit$$00000002)
    .ARM.Collect$$libinit$$00000008          0x08000208   Section        0  libinit2.o(.ARM.Collect$$libinit$$00000008)
    .ARM.Collect$$libinit$$0000000A          0x08000208   Section        0  libinit2.o(.ARM.Collect$$libinit$$0000000A)
    .ARM.Collect$$libinit$$0000000C          0x08000208   Section        0  libinit2.o(.ARM.Collect$$libinit$$0000000C)
    .ARM.Collect$$libinit$$0000000F          0x08000208   Section        0  libinit2.o(.ARM.Collect$$libinit$$0000000F)
    .ARM.Collect$$libinit$$00000011          0x08000208   Section        0  libinit2.o(.ARM.Collect$$libinit$$00000011)
    .ARM.Collect$$libinit$$00000013          0x08000208   Section        0  libinit2.o(.ARM.Collect$$libinit$$00000013)
    .ARM.Collect$$libinit$$00000015          0x08000208   Section        0  libinit2.o(.ARM.Collect$$libinit$$00000015)
    .ARM.Collect$$libinit$$00000017          0x08000208   Section        0  libinit2.o(.ARM.Collect$$libinit$$00000017)
    .ARM.Collect$$libinit$$00000019          0x08000208   Section        0  libinit2.o(.ARM.Collect$$libinit$$00000019)
    .ARM.Collect$$libinit$$0000001B          0x08000208   Section        0  libinit2.o(.ARM.Collect$$libinit$$0000001B)
    .ARM.Collect$$libinit$$0000001D          0x08000208   Section        0  libinit2.o(.ARM.Collect$$libinit$$0000001D)
    .ARM.Collect$$libinit$$0000001F          0x08000208   Section        0  libinit2.o(.ARM.Collect$$libinit$$0000001F)
    .ARM.Collect$$libinit$$00000021          0x08000208   Section        0  libinit2.o(.ARM.Collect$$libinit$$00000021)
    .ARM.Collect$$libinit$$00000023          0x08000208   Section        0  libinit2.o(.ARM.Collect$$libinit$$00000023)
    .ARM.Collect$$libinit$$0000002A          0x08000208   Section        0  libinit2.o(.ARM.Collect$$libinit$$0000002A)
    .ARM.Collect$$libinit$$0000002C          0x08000208   Section        0  libinit2.o(.ARM.Collect$$libinit$$0000002C)
    .ARM.Collect$$libinit$$0000002E          0x08000208   Section        0  libinit2.o(.ARM.Collect$$libinit$$0000002E)
    .ARM.Collect$$libinit$$00000030          0x08000208   Section        0  libinit2.o(.ARM.Collect$$libinit$$00000030)
    .ARM.Collect$$libinit$$00000031          0x08000208   Section        2  libinit2.o(.ARM.Collect$$libinit$$00000031)
    .ARM.Collect$$libshutdown$$00000000      0x0800020a   Section        2  libshutdown.o(.ARM.Collect$$libshutdown$$00000000)
    .ARM.Collect$$libshutdown$$00000003      0x0800020c   Section        0  libshutdown2.o(.ARM.Collect$$libshutdown$$00000003)
    .ARM.Collect$$libshutdown$$00000006      0x0800020c   Section        0  libshutdown2.o(.ARM.Collect$$libshutdown$$00000006)
    .ARM.Collect$$libshutdown$$00000009      0x0800020c   Section        0  libshutdown2.o(.ARM.Collect$$libshutdown$$00000009)
    .ARM.Collect$$libshutdown$$0000000B      0x0800020c   Section        0  libshutdown2.o(.ARM.Collect$$libshutdown$$0000000B)
    .ARM.Collect$$libshutdown$$0000000E      0x0800020c   Section        0  libshutdown2.o(.ARM.Collect$$libshutdown$$0000000E)
    .ARM.Collect$$libshutdown$$0000000F      0x0800020c   Section        2  libshutdown2.o(.ARM.Collect$$libshutdown$$0000000F)
    .ARM.Collect$$rtentry$$00000000          0x0800020e   Section        0  rtentry.o(.ARM.Collect$$rtentry$$00000000)
    .ARM.Collect$$rtentry$$00000002          0x0800020e   Section        0  rtentry2.o(.ARM.Collect$$rtentry$$00000002)
    .ARM.Collect$$rtentry$$00000004          0x0800020e   Section        6  rtentry4.o(.ARM.Collect$$rtentry$$00000004)
    .ARM.Collect$$rtentry$$00000009          0x08000214   Section        0  rtentry2.o(.ARM.Collect$$rtentry$$00000009)
    .ARM.Collect$$rtentry$$0000000A          0x08000214   Section        4  rtentry2.o(.ARM.Collect$$rtentry$$0000000A)
    .ARM.Collect$$rtentry$$0000000C          0x08000218   Section        0  rtentry2.o(.ARM.Collect$$rtentry$$0000000C)
    .ARM.Collect$$rtentry$$0000000D          0x08000218   Section        8  rtentry2.o(.ARM.Collect$$rtentry$$0000000D)
    .ARM.Collect$$rtexit$$00000000           0x08000220   Section        2  rtexit.o(.ARM.Collect$$rtexit$$00000000)
    .ARM.Collect$$rtexit$$00000002           0x08000222   Section        0  rtexit2.o(.ARM.Collect$$rtexit$$00000002)
    .ARM.Collect$$rtexit$$00000003           0x08000222   Section        4  rtexit2.o(.ARM.Collect$$rtexit$$00000003)
    .ARM.Collect$$rtexit$$00000004           0x08000226   Section        6  rtexit2.o(.ARM.Collect$$rtexit$$00000004)
    .text                                    0x0800022c   Section       56  startup_stm32f10x_hd.o(.text)
    .text                                    0x08000264   Section        2  use_no_semi_2.o(.text)
    .text                                    0x08000268   Section        0  noretval__2printf.o(.text)
    .text                                    0x08000280   Section        0  _printf_pad.o(.text)
    .text                                    0x080002ce   Section        0  _printf_str.o(.text)
    .text                                    0x08000320   Section        0  _printf_dec.o(.text)
    .text                                    0x08000394   Section        0  _printf_hex_int.o(.text)
    .text                                    0x080003ec   Section        0  __printf_flags_ss_wp.o(.text)
    .text                                    0x08000574   Section        0  heapauxi.o(.text)
    .text                                    0x0800057a   Section        2  use_no_semi.o(.text)
    .text                                    0x0800057c   Section        0  _printf_intcommon.o(.text)
    .text                                    0x0800062e   Section        0  _printf_char.o(.text)
    .text                                    0x0800065c   Section        0  _printf_char_file.o(.text)
    .text                                    0x08000680   Section        0  _printf_char_common.o(.text)
    _printf_input_char                       0x08000681   Thumb Code    10  _printf_char_common.o(.text)
    .text                                    0x080006b0   Section        0  ferror.o(.text)
    .text                                    0x080006b8   Section       74  sys_stackheap_outer.o(.text)
    .text                                    0x08000702   Section        0  exit.o(.text)
    .text                                    0x08000710   Section        8  libspace.o(.text)
    i.EXTI0_IRQHandler                       0x08000718   Section        0  exti.o(i.EXTI0_IRQHandler)
    i.EXTI15_10_IRQHandler                   0x08000768   Section        0  exti.o(i.EXTI15_10_IRQHandler)
    i.EXTI15_Init                            0x080007c4   Section        0  exti.o(i.EXTI15_Init)
    i.EXTI9_5_IRQHandler                     0x08000820   Section        0  exti.o(i.EXTI9_5_IRQHandler)
    i.Ex_NVIC_Config                         0x08000854   Section        0  sys.o(i.Ex_NVIC_Config)
    i.JTAG_Set                               0x080008f4   Section        0  sys.o(i.JTAG_Set)
    i.LCD_Clear                              0x08000924   Section        0  ili93xx.o(i.LCD_Clear)
    i.LCD_Display_Dir                        0x080009ac   Section        0  ili93xx.o(i.LCD_Display_Dir)
    i.LCD_Fast_DrawPoint                     0x08000b54   Section        0  ili93xx.o(i.LCD_Fast_DrawPoint)
    i.LCD_Fill                               0x08000db0   Section        0  ili93xx.o(i.LCD_Fill)
    i.LCD_Init                               0x08000e84   Section        0  ili93xx.o(i.LCD_Init)
    i.LCD_RD_DATA                            0x080048d0   Section        0  ili93xx.o(i.LCD_RD_DATA)
    i.LCD_ReadReg                            0x08004940   Section        0  ili93xx.o(i.LCD_ReadReg)
    i.LCD_Scan_Dir                           0x08004950   Section        0  ili93xx.o(i.LCD_Scan_Dir)
    i.LCD_SetCursor                          0x08004d84   Section        0  ili93xx.o(i.LCD_SetCursor)
    i.LCD_ShowChar                           0x08004fa8   Section        0  ili93xx.o(i.LCD_ShowChar)
    i.LCD_ShowString                         0x080050d0   Section        0  ili93xx.o(i.LCD_ShowString)
    i.LCD_WR_DATAX                           0x08005138   Section        0  ili93xx.o(i.LCD_WR_DATAX)
    i.LCD_WR_REG                             0x0800515c   Section        0  ili93xx.o(i.LCD_WR_REG)
    i.LCD_WriteRAM_Prepare                   0x08005180   Section        0  ili93xx.o(i.LCD_WriteRAM_Prepare)
    i.LCD_WriteReg                           0x08005190   Section        0  ili93xx.o(i.LCD_WriteReg)
    i.LED_Init                               0x080051c0   Section        0  led.o(i.LED_Init)
    i.MYRCC_DeInit                           0x08005230   Section        0  sys.o(i.MYRCC_DeInit)
    i.MY_NVIC_Init                           0x08005298   Section        0  sys.o(i.MY_NVIC_Init)
    i.MY_NVIC_PriorityGroupConfig            0x08005310   Section        0  sys.o(i.MY_NVIC_PriorityGroupConfig)
    i.MY_NVIC_SetVectorTable                 0x08005338   Section        0  sys.o(i.MY_NVIC_SetVectorTable)
    i.OV7670_Brightness                      0x0800534c   Section        0  ov7670.o(i.OV7670_Brightness)
    i.OV7670_Color_Saturation                0x0800537e   Section        0  ov7670.o(i.OV7670_Color_Saturation)
    i.OV7670_Contrast                        0x080053f8   Section        0  ov7670.o(i.OV7670_Contrast)
    i.OV7670_Init                            0x0800542c   Section        0  ov7670.o(i.OV7670_Init)
    i.OV7670_Light_Mode                      0x08005514   Section        0  ov7670.o(i.OV7670_Light_Mode)
    i.OV7670_Special_Effects                 0x08005570   Section        0  ov7670.o(i.OV7670_Special_Effects)
    i.OV7670_Window_Set                      0x080055da   Section        0  ov7670.o(i.OV7670_Window_Set)
    i.SCCB_Init                              0x08005664   Section        0  sccb.o(i.SCCB_Init)
    i.SCCB_No_Ack                            0x080056b0   Section        0  sccb.o(i.SCCB_No_Ack)
    i.SCCB_RD_Byte                           0x080056f0   Section        0  sccb.o(i.SCCB_RD_Byte)
    i.SCCB_RD_Reg                            0x08005764   Section        0  sccb.o(i.SCCB_RD_Reg)
    i.SCCB_Start                             0x080057b4   Section        0  sccb.o(i.SCCB_Start)
    i.SCCB_Stop                              0x080057e8   Section        0  sccb.o(i.SCCB_Stop)
    i.SCCB_WR_Byte                           0x0800581c   Section        0  sccb.o(i.SCCB_WR_Byte)
    i.SCCB_WR_Reg                            0x080058c8   Section        0  sccb.o(i.SCCB_WR_Reg)
    i.Stm32_Clock_Init                       0x08005908   Section        0  sys.o(i.Stm32_Clock_Init)
    i.TIM2_IRQHandler                        0x08005998   Section        0  timer.o(i.TIM2_IRQHandler)
    i.TIM3_IRQHandler                        0x08005a50   Section        0  timer.o(i.TIM3_IRQHandler)
    i.TIM3_Int_Init                          0x08005a88   Section        0  timer.o(i.TIM3_Int_Init)
    i.TIM4_IRQHandler                        0x08005ad8   Section        0  usmart.o(i.TIM4_IRQHandler)
    i.Timer4_Init                            0x08005b14   Section        0  usmart.o(i.Timer4_Init)
    i.USART1_IRQHandler                      0x08005b64   Section        0  usart.o(i.USART1_IRQHandler)
    i._is_digit                              0x08005c00   Section        0  __printf_wp.o(i._is_digit)
    i._sys_exit                              0x08005c0e   Section        0  usart.o(i._sys_exit)
    i.camera_refresh                         0x08005c14   Section        0  test.o(i.camera_refresh)
    i.delay_init                             0x08005ca0   Section        0  delay.o(i.delay_init)
    i.delay_ms                               0x08005ce0   Section        0  delay.o(i.delay_ms)
    i.delay_us                               0x08005d1c   Section        0  delay.o(i.delay_us)
    i.fputc                                  0x08005d58   Section        0  usart.o(i.fputc)
    i.main                                   0x08005d74   Section        0  test.o(i.main)
    i.pixels                                 0x08005ee8   Section        0  test.o(i.pixels)
    i.read_addr                              0x08005fe8   Section        0  usmart.o(i.read_addr)
    i.uart_init                              0x08005ff0   Section        0  usart.o(i.uart_init)
    i.usmart_cmd_rec                         0x080060d4   Section        0  usmart.o(i.usmart_cmd_rec)
    i.usmart_exe                             0x08006184   Section        0  usmart.o(i.usmart_exe)
    i.usmart_get_aparm                       0x0800645c   Section        0  usmart_str.o(i.usmart_get_aparm)
    i.usmart_get_cmdname                     0x08006524   Section        0  usmart_str.o(i.usmart_get_cmdname)
    i.usmart_get_fname                       0x0800655c   Section        0  usmart_str.o(i.usmart_get_fname)
    i.usmart_get_fparam                      0x0800671c   Section        0  usmart_str.o(i.usmart_get_fparam)
    i.usmart_get_parmpos                     0x08006828   Section        0  usmart_str.o(i.usmart_get_parmpos)
    i.usmart_get_runtime                     0x08006848   Section        0  usmart.o(i.usmart_get_runtime)
    i.usmart_init                            0x08006888   Section        0  usmart.o(i.usmart_init)
    i.usmart_pow                             0x080068b0   Section        0  usmart_str.o(i.usmart_pow)
    i.usmart_reset_runtime                   0x080068c8   Section        0  usmart.o(i.usmart_reset_runtime)
    i.usmart_scan                            0x080068f8   Section        0  usmart.o(i.usmart_scan)
    i.usmart_search_nextc                    0x080069b4   Section        0  usmart_str.o(i.usmart_search_nextc)
    i.usmart_str2num                         0x080069ca   Section        0  usmart_str.o(i.usmart_str2num)
    i.usmart_strcmp                          0x08006a94   Section        0  usmart_str.o(i.usmart_strcmp)
    i.usmart_strcopy                         0x08006ab6   Section        0  usmart_str.o(i.usmart_strcopy)
    i.usmart_strlen                          0x08006acc   Section        0  usmart_str.o(i.usmart_strlen)
    i.usmart_sys_cmd_exe                     0x08006ae4   Section        0  usmart.o(i.usmart_sys_cmd_exe)
    i.write_addr                             0x080071c8   Section        0  usmart.o(i.write_addr)
    x$fpl$fadd                               0x080071cc   Section      196  faddsub_clz.o(x$fpl$fadd)
    _fadd1                                   0x080071db   Thumb Code     0  faddsub_clz.o(x$fpl$fadd)
    x$fpl$fdiv                               0x08007290   Section      388  fdiv.o(x$fpl$fdiv)
    _fdiv1                                   0x08007291   Thumb Code     0  fdiv.o(x$fpl$fdiv)
    x$fpl$ffixu                              0x08007414   Section       62  ffixu.o(x$fpl$ffixu)
    x$fpl$ffltu                              0x08007454   Section       38  fflt_clz.o(x$fpl$ffltu)
    x$fpl$fmul                               0x0800747c   Section      258  fmul.o(x$fpl$fmul)
    x$fpl$fnaninf                            0x0800757e   Section      140  fnaninf.o(x$fpl$fnaninf)
    x$fpl$fretinf                            0x0800760a   Section       10  fretinf.o(x$fpl$fretinf)
    x$fpl$frsb                               0x08007614   Section       20  faddsub_clz.o(x$fpl$frsb)
    x$fpl$fsub                               0x08007628   Section      234  faddsub_clz.o(x$fpl$fsub)
    _fsub1                                   0x08007637   Thumb Code     0  faddsub_clz.o(x$fpl$fsub)
    .constdata                               0x08007712   Section     6080  ili93xx.o(.constdata)
    x$fpl$usenofp                            0x08007712   Section        0  usenofp.o(x$fpl$usenofp)
    .constdata                               0x08008ed2   Section      232  ov7670.o(.constdata)
    .constdata                               0x08008fba   Section       40  _printf_hex_int.o(.constdata)
    uc_hextab                                0x08008fba   Data          20  _printf_hex_int.o(.constdata)
    lc_hextab                                0x08008fce   Data          20  _printf_hex_int.o(.constdata)
    .constdata                               0x08008fe2   Section       17  __printf_flags_ss_wp.o(.constdata)
    maptable                                 0x08008fe2   Data          17  __printf_flags_ss_wp.o(.constdata)
    .conststring                             0x08008ff4   Section       40  usmart.o(.conststring)
    .conststring                             0x0800901c   Section      342  usmart_config.o(.conststring)
    .data                                    0x20000000   Section        5  test.o(.data)
    .data                                    0x20000006   Section        4  delay.o(.data)
    fac_us                                   0x20000006   Data           1  delay.o(.data)
    fac_ms                                   0x20000008   Data           2  delay.o(.data)
    .data                                    0x2000000c   Section        6  usart.o(.data)
    .data                                    0x20000012   Section        4  ili93xx.o(.data)
    .data                                    0x20000016   Section        1  exti.o(.data)
    .data                                    0x20000018   Section       12  timer.o(.data)
    .data                                    0x20000024   Section       28  usmart.o(.data)
    .data                                    0x20000040   Section      332  usmart_config.o(.data)
    .bss                                     0x2000018c   Section      200  usart.o(.bss)
    .bss                                     0x20000254   Section       14  ili93xx.o(.bss)
    .bss                                     0x20000264   Section       96  libspace.o(.bss)
    HEAP                                     0x200002c8   Section      512  startup_stm32f10x_hd.o(HEAP)
    Heap_Mem                                 0x200002c8   Data         512  startup_stm32f10x_hd.o(HEAP)
    STACK                                    0x200004c8   Section     1024  startup_stm32f10x_hd.o(STACK)
    Stack_Mem                                0x200004c8   Data        1024  startup_stm32f10x_hd.o(STACK)
    __initial_sp                             0x200008c8   Data           0  startup_stm32f10x_hd.o(STACK)

    Global Symbols

    Symbol Name                              Value     Ov Type        Size  Object(Section)

    BuildAttributes$$THM_ISAv4$P$D$K$B$S$PE$A:L22UL41UL21$X:L11$S22US41US21$IEEE1$IW$USESV6$~STKCKD$USESV7$~SHL$OSPACE$ROPI$EBA8$UX$STANDARDLIB$REQ8$PRES8$EABIv2 0x00000000   Number         0  anon$$obj.o ABSOLUTE
    __ARM_use_no_argv                        0x00000000   Number         0  test.o ABSOLUTE
    _printf_flags                            0x00000000   Number         0  printf_stubs.o ABSOLUTE
    _printf_return_value                     0x00000000   Number         0  printf_stubs.o ABSOLUTE
    _printf_sizespec                         0x00000000   Number         0  printf_stubs.o ABSOLUTE
    _printf_widthprec                        0x00000000   Number         0  printf_stubs.o ABSOLUTE
    __ARM_exceptions_init                     - Undefined Weak Reference
    __alloca_initialize                       - Undefined Weak Reference
    __cpp_initialize__aeabi_                  - Undefined Weak Reference
    __cxa_finalize                            - Undefined Weak Reference
    __rt_locale                               - Undefined Weak Reference
    __sigvec_lookup                           - Undefined Weak Reference
    _atexit_init                              - Undefined Weak Reference
    _call_atexit_fns                          - Undefined Weak Reference
    _clock_init                               - Undefined Weak Reference
    _fp_trap_init                             - Undefined Weak Reference
    _fp_trap_shutdown                         - Undefined Weak Reference
    _get_lc_collate                           - Undefined Weak Reference
    _get_lc_ctype                             - Undefined Weak Reference
    _get_lc_monetary                          - Undefined Weak Reference
    _get_lc_numeric                           - Undefined Weak Reference
    _get_lc_time                              - Undefined Weak Reference
    _getenv_init                              - Undefined Weak Reference
    _handle_redirection                       - Undefined Weak Reference
    _init_alloc                               - Undefined Weak Reference
    _init_user_alloc                          - Undefined Weak Reference
    _initio                                   - Undefined Weak Reference
    _mutex_acquire                            - Undefined Weak Reference
    _mutex_release                            - Undefined Weak Reference
    _printf_mbtowc                            - Undefined Weak Reference
    _printf_truncate_signed                   - Undefined Weak Reference
    _printf_truncate_unsigned                 - Undefined Weak Reference
    _rand_init                                - Undefined Weak Reference
    _signal_finish                            - Undefined Weak Reference
    _signal_init                              - Undefined Weak Reference
    _terminate_alloc                          - Undefined Weak Reference
    _terminate_user_alloc                     - Undefined Weak Reference
    _terminateio                              - Undefined Weak Reference
    __Vectors_Size                           0x00000130   Number         0  startup_stm32f10x_hd.o ABSOLUTE
    __Vectors                                0x08000000   Data           4  startup_stm32f10x_hd.o(RESET)
    __Vectors_End                            0x08000130   Data           0  startup_stm32f10x_hd.o(RESET)
    __main                                   0x08000131   Thumb Code     8  __main.o(!!!main)
    __scatterload                            0x08000139   Thumb Code     0  __scatter.o(!!!scatter)
    __scatterload_rt2                        0x08000139   Thumb Code    44  __scatter.o(!!!scatter)
    __scatterload_rt2_thumb_only             0x08000139   Thumb Code     0  __scatter.o(!!!scatter)
    __scatterload_null                       0x08000147   Thumb Code     0  __scatter.o(!!!scatter)
    __decompress                             0x0800016d   Thumb Code    90  __dczerorl2.o(!!dczerorl2)
    __decompress1                            0x0800016d   Thumb Code     0  __dczerorl2.o(!!dczerorl2)
    __scatterload_zeroinit                   0x080001c9   Thumb Code    28  __scatter_zi.o(!!handler_zi)
    _printf_d                                0x080001e5   Thumb Code     0  _printf_d.o(.ARM.Collect$$_printf_percent$$00000009)
    _printf_percent                          0x080001e5   Thumb Code     0  _printf_percent.o(.ARM.Collect$$_printf_percent$$00000000)
    _printf_u                                0x080001eb   Thumb Code     0  _printf_u.o(.ARM.Collect$$_printf_percent$$0000000A)
    _printf_x                                0x080001f1   Thumb Code     0  _printf_x.o(.ARM.Collect$$_printf_percent$$0000000C)
    _printf_c                                0x080001f7   Thumb Code     0  _printf_c.o(.ARM.Collect$$_printf_percent$$00000013)
    _printf_s                                0x080001fd   Thumb Code     0  _printf_s.o(.ARM.Collect$$_printf_percent$$00000014)
    _printf_percent_end                      0x08000203   Thumb Code     0  _printf_percent_end.o(.ARM.Collect$$_printf_percent$$00000017)
    __rt_lib_init                            0x08000207   Thumb Code     0  libinit.o(.ARM.Collect$$libinit$$00000000)
    __rt_lib_init_alloca_1                   0x08000209   Thumb Code     0  libinit2.o(.ARM.Collect$$libinit$$0000002C)
    __rt_lib_init_argv_1                     0x08000209   Thumb Code     0  libinit2.o(.ARM.Collect$$libinit$$0000002A)
    __rt_lib_init_atexit_1                   0x08000209   Thumb Code     0  libinit2.o(.ARM.Collect$$libinit$$00000019)
    __rt_lib_init_clock_1                    0x08000209   Thumb Code     0  libinit2.o(.ARM.Collect$$libinit$$0000001F)
    __rt_lib_init_cpp_1                      0x08000209   Thumb Code     0  libinit2.o(.ARM.Collect$$libinit$$00000030)
    __rt_lib_init_exceptions_1               0x08000209   Thumb Code     0  libinit2.o(.ARM.Collect$$libinit$$0000002E)
    __rt_lib_init_fp_1                       0x08000209   Thumb Code     0  libinit2.o(.ARM.Collect$$libinit$$00000002)
    __rt_lib_init_fp_trap_1                  0x08000209   Thumb Code     0  libinit2.o(.ARM.Collect$$libinit$$0000001D)
    __rt_lib_init_getenv_1                   0x08000209   Thumb Code     0  libinit2.o(.ARM.Collect$$libinit$$00000021)
    __rt_lib_init_heap_1                     0x08000209   Thumb Code     0  libinit2.o(.ARM.Collect$$libinit$$00000008)
    __rt_lib_init_lc_collate_1               0x08000209   Thumb Code     0  libinit2.o(.ARM.Collect$$libinit$$0000000F)
    __rt_lib_init_lc_ctype_1                 0x08000209   Thumb Code     0  libinit2.o(.ARM.Collect$$libinit$$00000011)
    __rt_lib_init_lc_monetary_1              0x08000209   Thumb Code     0  libinit2.o(.ARM.Collect$$libinit$$00000013)
    __rt_lib_init_lc_numeric_1               0x08000209   Thumb Code     0  libinit2.o(.ARM.Collect$$libinit$$00000015)
    __rt_lib_init_lc_time_1                  0x08000209   Thumb Code     0  libinit2.o(.ARM.Collect$$libinit$$00000017)
    __rt_lib_init_rand_1                     0x08000209   Thumb Code     0  libinit2.o(.ARM.Collect$$libinit$$0000000C)
    __rt_lib_init_return                     0x08000209   Thumb Code     0  libinit2.o(.ARM.Collect$$libinit$$00000031)
    __rt_lib_init_signal_1                   0x08000209   Thumb Code     0  libinit2.o(.ARM.Collect$$libinit$$0000001B)
    __rt_lib_init_stdio_1                    0x08000209   Thumb Code     0  libinit2.o(.ARM.Collect$$libinit$$00000023)
    __rt_lib_init_user_alloc_1               0x08000209   Thumb Code     0  libinit2.o(.ARM.Collect$$libinit$$0000000A)
    __rt_lib_shutdown                        0x0800020b   Thumb Code     0  libshutdown.o(.ARM.Collect$$libshutdown$$00000000)
    __rt_lib_shutdown_fp_trap_1              0x0800020d   Thumb Code     0  libshutdown2.o(.ARM.Collect$$libshutdown$$00000006)
    __rt_lib_shutdown_heap_1                 0x0800020d   Thumb Code     0  libshutdown2.o(.ARM.Collect$$libshutdown$$0000000E)
    __rt_lib_shutdown_return                 0x0800020d   Thumb Code     0  libshutdown2.o(.ARM.Collect$$libshutdown$$0000000F)
    __rt_lib_shutdown_signal_1               0x0800020d   Thumb Code     0  libshutdown2.o(.ARM.Collect$$libshutdown$$00000009)
    __rt_lib_shutdown_stdio_1                0x0800020d   Thumb Code     0  libshutdown2.o(.ARM.Collect$$libshutdown$$00000003)
    __rt_lib_shutdown_user_alloc_1           0x0800020d   Thumb Code     0  libshutdown2.o(.ARM.Collect$$libshutdown$$0000000B)
    __rt_entry                               0x0800020f   Thumb Code     0  rtentry.o(.ARM.Collect$$rtentry$$00000000)
    __rt_entry_presh_1                       0x0800020f   Thumb Code     0  rtentry2.o(.ARM.Collect$$rtentry$$00000002)
    __rt_entry_sh                            0x0800020f   Thumb Code     0  rtentry4.o(.ARM.Collect$$rtentry$$00000004)
    __rt_entry_li                            0x08000215   Thumb Code     0  rtentry2.o(.ARM.Collect$$rtentry$$0000000A)
    __rt_entry_postsh_1                      0x08000215   Thumb Code     0  rtentry2.o(.ARM.Collect$$rtentry$$00000009)
    __rt_entry_main                          0x08000219   Thumb Code     0  rtentry2.o(.ARM.Collect$$rtentry$$0000000D)
    __rt_entry_postli_1                      0x08000219   Thumb Code     0  rtentry2.o(.ARM.Collect$$rtentry$$0000000C)
    __rt_exit                                0x08000221   Thumb Code     0  rtexit.o(.ARM.Collect$$rtexit$$00000000)
    __rt_exit_ls                             0x08000223   Thumb Code     0  rtexit2.o(.ARM.Collect$$rtexit$$00000003)
    __rt_exit_prels_1                        0x08000223   Thumb Code     0  rtexit2.o(.ARM.Collect$$rtexit$$00000002)
    __rt_exit_exit                           0x08000227   Thumb Code     0  rtexit2.o(.ARM.Collect$$rtexit$$00000004)
    Reset_Handler                            0x0800022d   Thumb Code     4  startup_stm32f10x_hd.o(.text)
    NMI_Handler                              0x08000231   Thumb Code     2  startup_stm32f10x_hd.o(.text)
    HardFault_Handler                        0x08000233   Thumb Code     2  startup_stm32f10x_hd.o(.text)
    MemManage_Handler                        0x08000235   Thumb Code     2  startup_stm32f10x_hd.o(.text)
    BusFault_Handler                         0x08000237   Thumb Code     2  startup_stm32f10x_hd.o(.text)
    UsageFault_Handler                       0x08000239   Thumb Code     2  startup_stm32f10x_hd.o(.text)
    SVC_Handler                              0x0800023b   Thumb Code     2  startup_stm32f10x_hd.o(.text)
    DebugMon_Handler                         0x0800023d   Thumb Code     2  startup_stm32f10x_hd.o(.text)
    PendSV_Handler                           0x0800023f   Thumb Code     2  startup_stm32f10x_hd.o(.text)
    SysTick_Handler                          0x08000241   Thumb Code     2  startup_stm32f10x_hd.o(.text)
    ADC1_2_IRQHandler                        0x08000243   Thumb Code     0  startup_stm32f10x_hd.o(.text)
    ADC3_IRQHandler                          0x08000243   Thumb Code     0  startup_stm32f10x_hd.o(.text)
    CAN1_RX1_IRQHandler                      0x08000243   Thumb Code     0  startup_stm32f10x_hd.o(.text)
    CAN1_SCE_IRQHandler                      0x08000243   Thumb Code     0  startup_stm32f10x_hd.o(.text)
    DMA1_Channel1_IRQHandler                 0x08000243   Thumb Code     0  startup_stm32f10x_hd.o(.text)
    DMA1_Channel2_IRQHandler                 0x08000243   Thumb Code     0  startup_stm32f10x_hd.o(.text)
    DMA1_Channel3_IRQHandler                 0x08000243   Thumb Code     0  startup_stm32f10x_hd.o(.text)
    DMA1_Channel4_IRQHandler                 0x08000243   Thumb Code     0  startup_stm32f10x_hd.o(.text)
    DMA1_Channel5_IRQHandler                 0x08000243   Thumb Code     0  startup_stm32f10x_hd.o(.text)
    DMA1_Channel6_IRQHandler                 0x08000243   Thumb Code     0  startup_stm32f10x_hd.o(.text)
    DMA1_Channel7_IRQHandler                 0x08000243   Thumb Code     0  startup_stm32f10x_hd.o(.text)
    DMA2_Channel1_IRQHandler                 0x08000243   Thumb Code     0  startup_stm32f10x_hd.o(.text)
    DMA2_Channel2_IRQHandler                 0x08000243   Thumb Code     0  startup_stm32f10x_hd.o(.text)
    DMA2_Channel3_IRQHandler                 0x08000243   Thumb Code     0  startup_stm32f10x_hd.o(.text)
    DMA2_Channel4_5_IRQHandler               0x08000243   Thumb Code     0  startup_stm32f10x_hd.o(.text)
    EXTI1_IRQHandler                         0x08000243   Thumb Code     0  startup_stm32f10x_hd.o(.text)
    EXTI2_IRQHandler                         0x08000243   Thumb Code     0  startup_stm32f10x_hd.o(.text)
    EXTI3_IRQHandler                         0x08000243   Thumb Code     0  startup_stm32f10x_hd.o(.text)
    EXTI4_IRQHandler                         0x08000243   Thumb Code     0  startup_stm32f10x_hd.o(.text)
    FLASH_IRQHandler                         0x08000243   Thumb Code     0  startup_stm32f10x_hd.o(.text)
    FSMC_IRQHandler                          0x08000243   Thumb Code     0  startup_stm32f10x_hd.o(.text)
    I2C1_ER_IRQHandler                       0x08000243   Thumb Code     0  startup_stm32f10x_hd.o(.text)
    I2C1_EV_IRQHandler                       0x08000243   Thumb Code     0  startup_stm32f10x_hd.o(.text)
    I2C2_ER_IRQHandler                       0x08000243   Thumb Code     0  startup_stm32f10x_hd.o(.text)
    I2C2_EV_IRQHandler                       0x08000243   Thumb Code     0  startup_stm32f10x_hd.o(.text)
    PVD_IRQHandler                           0x08000243   Thumb Code     0  startup_stm32f10x_hd.o(.text)
    RCC_IRQHandler                           0x08000243   Thumb Code     0  startup_stm32f10x_hd.o(.text)
    RTCAlarm_IRQHandler                      0x08000243   Thumb Code     0  startup_stm32f10x_hd.o(.text)
    RTC_IRQHandler                           0x08000243   Thumb Code     0  startup_stm32f10x_hd.o(.text)
    SDIO_IRQHandler                          0x08000243   Thumb Code     0  startup_stm32f10x_hd.o(.text)
    SPI1_IRQHandler                          0x08000243   Thumb Code     0  startup_stm32f10x_hd.o(.text)
    SPI2_IRQHandler                          0x08000243   Thumb Code     0  startup_stm32f10x_hd.o(.text)
    SPI3_IRQHandler                          0x08000243   Thumb Code     0  startup_stm32f10x_hd.o(.text)
    TAMPER_IRQHandler                        0x08000243   Thumb Code     0  startup_stm32f10x_hd.o(.text)
    TIM1_BRK_IRQHandler                      0x08000243   Thumb Code     0  startup_stm32f10x_hd.o(.text)
    TIM1_CC_IRQHandler                       0x08000243   Thumb Code     0  startup_stm32f10x_hd.o(.text)
    TIM1_TRG_COM_IRQHandler                  0x08000243   Thumb Code     0  startup_stm32f10x_hd.o(.text)
    TIM1_UP_IRQHandler                       0x08000243   Thumb Code     0  startup_stm32f10x_hd.o(.text)
    TIM5_IRQHandler                          0x08000243   Thumb Code     0  startup_stm32f10x_hd.o(.text)
    TIM6_IRQHandler                          0x08000243   Thumb Code     0  startup_stm32f10x_hd.o(.text)
    TIM7_IRQHandler                          0x08000243   Thumb Code     0  startup_stm32f10x_hd.o(.text)
    TIM8_BRK_IRQHandler                      0x08000243   Thumb Code     0  startup_stm32f10x_hd.o(.text)
    TIM8_CC_IRQHandler                       0x08000243   Thumb Code     0  startup_stm32f10x_hd.o(.text)
    TIM8_TRG_COM_IRQHandler                  0x08000243   Thumb Code     0  startup_stm32f10x_hd.o(.text)
    TIM8_UP_IRQHandler                       0x08000243   Thumb Code     0  startup_stm32f10x_hd.o(.text)
    UART4_IRQHandler                         0x08000243   Thumb Code     0  startup_stm32f10x_hd.o(.text)
    UART5_IRQHandler                         0x08000243   Thumb Code     0  startup_stm32f10x_hd.o(.text)
    USART2_IRQHandler                        0x08000243   Thumb Code     0  startup_stm32f10x_hd.o(.text)
    USART3_IRQHandler                        0x08000243   Thumb Code     0  startup_stm32f10x_hd.o(.text)
    USBWakeUp_IRQHandler                     0x08000243   Thumb Code     0  startup_stm32f10x_hd.o(.text)
    USB_HP_CAN1_TX_IRQHandler                0x08000243   Thumb Code     0  startup_stm32f10x_hd.o(.text)
    USB_LP_CAN1_RX0_IRQHandler               0x08000243   Thumb Code     0  startup_stm32f10x_hd.o(.text)
    WWDG_IRQHandler                          0x08000243   Thumb Code     0  startup_stm32f10x_hd.o(.text)
    __user_initial_stackheap                 0x08000245   Thumb Code     0  startup_stm32f10x_hd.o(.text)
    __use_no_semihosting                     0x08000265   Thumb Code     2  use_no_semi_2.o(.text)
    __2printf                                0x08000269   Thumb Code    20  noretval__2printf.o(.text)
    _printf_pre_padding                      0x08000281   Thumb Code    44  _printf_pad.o(.text)
    _printf_post_padding                     0x080002ad   Thumb Code    34  _printf_pad.o(.text)
    _printf_str                              0x080002cf   Thumb Code    82  _printf_str.o(.text)
    _printf_int_dec                          0x08000321   Thumb Code   100  _printf_dec.o(.text)
    _printf_int_hex                          0x08000395   Thumb Code    84  _printf_hex_int.o(.text)
    _printf_longlong_hex                     0x08000395   Thumb Code     0  _printf_hex_int.o(.text)
    __printf                                 0x080003ed   Thumb Code   388  __printf_flags_ss_wp.o(.text)
    __use_two_region_memory                  0x08000575   Thumb Code     2  heapauxi.o(.text)
    __rt_heap_escrow$2region                 0x08000577   Thumb Code     2  heapauxi.o(.text)
    __rt_heap_expand$2region                 0x08000579   Thumb Code     2  heapauxi.o(.text)
    __I$use$semihosting                      0x0800057b   Thumb Code     0  use_no_semi.o(.text)
    __use_no_semihosting_swi                 0x0800057b   Thumb Code     2  use_no_semi.o(.text)
    _printf_int_common                       0x0800057d   Thumb Code   178  _printf_intcommon.o(.text)
    _printf_cs_common                        0x0800062f   Thumb Code    20  _printf_char.o(.text)
    _printf_char                             0x08000643   Thumb Code    16  _printf_char.o(.text)
    _printf_string                           0x08000653   Thumb Code     8  _printf_char.o(.text)
    _printf_char_file                        0x0800065d   Thumb Code    32  _printf_char_file.o(.text)
    _printf_char_common                      0x0800068b   Thumb Code    32  _printf_char_common.o(.text)
    ferror                                   0x080006b1   Thumb Code     8  ferror.o(.text)
    __user_setup_stackheap                   0x080006b9   Thumb Code    74  sys_stackheap_outer.o(.text)
    exit                                     0x08000703   Thumb Code    12  exit.o(.text)
    __user_libspace                          0x08000711   Thumb Code     8  libspace.o(.text)
    __user_perproc_libspace                  0x08000711   Thumb Code     0  libspace.o(.text)
    __user_perthread_libspace                0x08000711   Thumb Code     0  libspace.o(.text)
    EXTI0_IRQHandler                         0x08000719   Thumb Code    62  exti.o(i.EXTI0_IRQHandler)
    EXTI15_10_IRQHandler                     0x08000769   Thumb Code    74  exti.o(i.EXTI15_10_IRQHandler)
    EXTI15_Init                              0x080007c5   Thumb Code    82  exti.o(i.EXTI15_Init)
    EXTI9_5_IRQHandler                       0x08000821   Thumb Code    38  exti.o(i.EXTI9_5_IRQHandler)
    Ex_NVIC_Config                           0x08000855   Thumb Code   146  sys.o(i.Ex_NVIC_Config)
    JTAG_Set                                 0x080008f5   Thumb Code    38  sys.o(i.JTAG_Set)
    LCD_Clear                                0x08000925   Thumb Code   122  ili93xx.o(i.LCD_Clear)
    LCD_Display_Dir                          0x080009ad   Thumb Code   420  ili93xx.o(i.LCD_Display_Dir)
    LCD_Fast_DrawPoint                       0x08000b55   Thumb Code   590  ili93xx.o(i.LCD_Fast_DrawPoint)
    LCD_Fill                                 0x08000db1   Thumb Code   200  ili93xx.o(i.LCD_Fill)
    LCD_Init                                 0x08000e85   Thumb Code 14914  ili93xx.o(i.LCD_Init)
    LCD_RD_DATA                              0x080048d1   Thumb Code    98  ili93xx.o(i.LCD_RD_DATA)
    LCD_ReadReg                              0x08004941   Thumb Code    16  ili93xx.o(i.LCD_ReadReg)
    LCD_Scan_Dir                             0x08004951   Thumb Code  1070  ili93xx.o(i.LCD_Scan_Dir)
    LCD_SetCursor                            0x08004d85   Thumb Code   534  ili93xx.o(i.LCD_SetCursor)
    LCD_ShowChar                             0x08004fa9   Thumb Code   272  ili93xx.o(i.LCD_ShowChar)
    LCD_ShowString                           0x080050d1   Thumb Code   102  ili93xx.o(i.LCD_ShowString)
    LCD_WR_DATAX                             0x08005139   Thumb Code    28  ili93xx.o(i.LCD_WR_DATAX)
    LCD_WR_REG                               0x0800515d   Thumb Code    28  ili93xx.o(i.LCD_WR_REG)
    LCD_WriteRAM_Prepare                     0x08005181   Thumb Code    12  ili93xx.o(i.LCD_WriteRAM_Prepare)
    LCD_WriteReg                             0x08005191   Thumb Code    40  ili93xx.o(i.LCD_WriteReg)
    LED_Init                                 0x080051c1   Thumb Code   100  led.o(i.LED_Init)
    MYRCC_DeInit                             0x08005231   Thumb Code    90  sys.o(i.MYRCC_DeInit)
    MY_NVIC_Init                             0x08005299   Thumb Code   116  sys.o(i.MY_NVIC_Init)
    MY_NVIC_PriorityGroupConfig              0x08005311   Thumb Code    32  sys.o(i.MY_NVIC_PriorityGroupConfig)
    MY_NVIC_SetVectorTable                   0x08005339   Thumb Code    12  sys.o(i.MY_NVIC_SetVectorTable)
    OV7670_Brightness                        0x0800534d   Thumb Code    50  ov7670.o(i.OV7670_Brightness)
    OV7670_Color_Saturation                  0x0800537f   Thumb Code   122  ov7670.o(i.OV7670_Color_Saturation)
    OV7670_Contrast                          0x080053f9   Thumb Code    50  ov7670.o(i.OV7670_Contrast)
    OV7670_Init                              0x0800542d   Thumb Code   202  ov7670.o(i.OV7670_Init)
    OV7670_Light_Mode                        0x08005515   Thumb Code    92  ov7670.o(i.OV7670_Light_Mode)
    OV7670_Special_Effects                   0x08005571   Thumb Code   106  ov7670.o(i.OV7670_Special_Effects)
    OV7670_Window_Set                        0x080055db   Thumb Code   138  ov7670.o(i.OV7670_Window_Set)
    SCCB_Init                                0x08005665   Thumb Code    66  sccb.o(i.SCCB_Init)
    SCCB_No_Ack                              0x080056b1   Thumb Code    56  sccb.o(i.SCCB_No_Ack)
    SCCB_RD_Byte                             0x080056f1   Thumb Code   104  sccb.o(i.SCCB_RD_Byte)
    SCCB_RD_Reg                              0x08005765   Thumb Code    78  sccb.o(i.SCCB_RD_Reg)
    SCCB_Start                               0x080057b5   Thumb Code    42  sccb.o(i.SCCB_Start)
    SCCB_Stop                                0x080057e9   Thumb Code    42  sccb.o(i.SCCB_Stop)
    SCCB_WR_Byte                             0x0800581d   Thumb Code   158  sccb.o(i.SCCB_WR_Byte)
    SCCB_WR_Reg                              0x080058c9   Thumb Code    62  sccb.o(i.SCCB_WR_Reg)
    Stm32_Clock_Init                         0x08005909   Thumb Code   134  sys.o(i.Stm32_Clock_Init)
    TIM2_IRQHandler                          0x08005999   Thumb Code   174  timer.o(i.TIM2_IRQHandler)
    TIM3_IRQHandler                          0x08005a51   Thumb Code    42  timer.o(i.TIM3_IRQHandler)
    TIM3_Int_Init                            0x08005a89   Thumb Code    72  timer.o(i.TIM3_Int_Init)
    TIM4_IRQHandler                          0x08005ad9   Thumb Code    50  usmart.o(i.TIM4_IRQHandler)
    Timer4_Init                              0x08005b15   Thumb Code    72  usmart.o(i.Timer4_Init)
    USART1_IRQHandler                        0x08005b65   Thumb Code   140  usart.o(i.USART1_IRQHandler)
    _is_digit                                0x08005c01   Thumb Code    14  __printf_wp.o(i._is_digit)
    _sys_exit                                0x08005c0f   Thumb Code     6  usart.o(i._sys_exit)
    camera_refresh                           0x08005c15   Thumb Code   120  test.o(i.camera_refresh)
    delay_init                               0x08005ca1   Thumb Code    56  delay.o(i.delay_init)
    delay_ms                                 0x08005ce1   Thumb Code    56  delay.o(i.delay_ms)
    delay_us                                 0x08005d1d   Thumb Code    56  delay.o(i.delay_us)
    fputc                                    0x08005d59   Thumb Code    24  usart.o(i.fputc)
    main                                     0x08005d75   Thumb Code   276  test.o(i.main)
    pixels                                   0x08005ee9   Thumb Code   252  test.o(i.pixels)
    read_addr                                0x08005fe9   Thumb Code     6  usmart.o(i.read_addr)
    uart_init                                0x08005ff1   Thumb Code   212  usart.o(i.uart_init)
    usmart_cmd_rec                           0x080060d5   Thumb Code   170  usmart.o(i.usmart_cmd_rec)
    usmart_exe                               0x08006185   Thumb Code   634  usmart.o(i.usmart_exe)
    usmart_get_aparm                         0x0800645d   Thumb Code   200  usmart_str.o(i.usmart_get_aparm)
    usmart_get_cmdname                       0x08006525   Thumb Code    54  usmart_str.o(i.usmart_get_cmdname)
    usmart_get_fname                         0x0800655d   Thumb Code   440  usmart_str.o(i.usmart_get_fname)
    usmart_get_fparam                        0x0800671d   Thumb Code   262  usmart_str.o(i.usmart_get_fparam)
    usmart_get_parmpos                       0x08006829   Thumb Code    26  usmart_str.o(i.usmart_get_parmpos)
    usmart_get_runtime                       0x08006849   Thumb Code    56  usmart.o(i.usmart_get_runtime)
    usmart_init                              0x08006889   Thumb Code    36  usmart.o(i.usmart_init)
    usmart_pow                               0x080068b1   Thumb Code    22  usmart_str.o(i.usmart_pow)
    usmart_reset_runtime                     0x080068c9   Thumb Code    38  usmart.o(i.usmart_reset_runtime)
    usmart_scan                              0x080068f9   Thumb Code   120  usmart.o(i.usmart_scan)
    usmart_search_nextc                      0x080069b5   Thumb Code    22  usmart_str.o(i.usmart_search_nextc)
    usmart_str2num                           0x080069cb   Thumb Code   202  usmart_str.o(i.usmart_str2num)
    usmart_strcmp                            0x08006a95   Thumb Code    34  usmart_str.o(i.usmart_strcmp)
    usmart_strcopy                           0x08006ab7   Thumb Code    22  usmart_str.o(i.usmart_strcopy)
    usmart_strlen                            0x08006acd   Thumb Code    24  usmart_str.o(i.usmart_strlen)
    usmart_sys_cmd_exe                       0x08006ae5   Thumb Code  1554  usmart.o(i.usmart_sys_cmd_exe)
    write_addr                               0x080071c9   Thumb Code     4  usmart.o(i.write_addr)
    __aeabi_fadd                             0x080071cd   Thumb Code     0  faddsub_clz.o(x$fpl$fadd)
    _fadd                                    0x080071cd   Thumb Code   196  faddsub_clz.o(x$fpl$fadd)
    __aeabi_fdiv                             0x08007291   Thumb Code     0  fdiv.o(x$fpl$fdiv)
    _fdiv                                    0x08007291   Thumb Code   384  fdiv.o(x$fpl$fdiv)
    __aeabi_f2uiz                            0x08007415   Thumb Code     0  ffixu.o(x$fpl$ffixu)
    _ffixu                                   0x08007415   Thumb Code    62  ffixu.o(x$fpl$ffixu)
    __aeabi_ui2f                             0x08007455   Thumb Code     0  fflt_clz.o(x$fpl$ffltu)
    _ffltu                                   0x08007455   Thumb Code    38  fflt_clz.o(x$fpl$ffltu)
    __aeabi_fmul                             0x0800747d   Thumb Code     0  fmul.o(x$fpl$fmul)
    _fmul                                    0x0800747d   Thumb Code   258  fmul.o(x$fpl$fmul)
    __fpl_fnaninf                            0x0800757f   Thumb Code   140  fnaninf.o(x$fpl$fnaninf)
    __fpl_fretinf                            0x0800760b   Thumb Code    10  fretinf.o(x$fpl$fretinf)
    __aeabi_frsub                            0x08007615   Thumb Code     0  faddsub_clz.o(x$fpl$frsb)
    _frsb                                    0x08007615   Thumb Code    20  faddsub_clz.o(x$fpl$frsb)
    __aeabi_fsub                             0x08007629   Thumb Code     0  faddsub_clz.o(x$fpl$fsub)
    _fsub                                    0x08007629   Thumb Code   234  faddsub_clz.o(x$fpl$fsub)
    __I$use$fp                               0x08007712   Number         0  usenofp.o(x$fpl$usenofp)
    asc2_1206                                0x08007712   Data        1140  ili93xx.o(.constdata)
    asc2_1608                                0x08007b86   Data        1520  ili93xx.o(.constdata)
    asc2_2412                                0x08008176   Data        3420  ili93xx.o(.constdata)
    ov7670_init_reg_tbl                      0x08008ed2   Data         232  ov7670.o(.constdata)
    Region$$Table$$Base                      0x08009174   Number         0  anon$$obj.o(Region$$Table)
    Region$$Table$$Limit                     0x08009194   Number         0  anon$$obj.o(Region$$Table)
    freq_mul                                 0x20000000   Data           4  test.o(.data)
    CanSend                                  0x20000004   Data           1  test.o(.data)
    __stdout                                 0x2000000c   Data           4  usart.o(.data)
    USART_RX_STA                             0x20000010   Data           2  usart.o(.data)
    POINT_COLOR                              0x20000012   Data           2  ili93xx.o(.data)
    BACK_COLOR                               0x20000014   Data           2  ili93xx.o(.data)
    ov_sta                                   0x20000016   Data           1  exti.o(.data)
    ov_frame                                 0x20000018   Data           4  timer.o(.data)
    ov_sec                                   0x2000001c   Data           4  timer.o(.data)
    TIM2CH1_CAPTURE_STA                      0x20000020   Data           1  timer.o(.data)
    TIM2CH1_CAPTURE_VAL                      0x20000022   Data           2  timer.o(.data)
    sys_cmd_tab                              0x20000024   Data          28  usmart.o(.data)
    usmart_nametab                           0x20000040   Data          88  usmart_config.o(.data)
    usmart_dev                               0x20000098   Data         244  usmart_config.o(.data)
    USART_RX_BUF                             0x2000018c   Data         200  usart.o(.bss)
    lcddev                                   0x20000254   Data          14  ili93xx.o(.bss)
    __libspace_start                         0x20000264   Data          96  libspace.o(.bss)
    __temporary_stack_top$libspace           0x200002c4   Data           0  libspace.o(.bss)



==============================================================================

Memory Map of the image

  Image Entry point : 0x08000131

  Load Region LR_IROM1 (Base: 0x08000000, Size: 0x00009320, Max: 0x00040000, ABSOLUTE, COMPRESSED[0x00009214])

    Execution Region ER_IROM1 (Base: 0x08000000, Size: 0x00009194, Max: 0x00040000, ABSOLUTE)

    Base Addr    Size         Type   Attr      Idx    E Section Name        Object

    0x08000000   0x00000130   Data   RO            3    RESET               startup_stm32f10x_hd.o
    0x08000130   0x00000008   Code   RO          964  * !!!main             c_w.l(__main.o)
    0x08000138   0x00000034   Code   RO         1160    !!!scatter          c_w.l(__scatter.o)
    0x0800016c   0x0000005a   Code   RO         1158    !!dczerorl2         c_w.l(__dczerorl2.o)
    0x080001c6   0x00000002   PAD
    0x080001c8   0x0000001c   Code   RO         1162    !!handler_zi        c_w.l(__scatter_zi.o)
    0x080001e4   0x00000000   Code   RO          961    .ARM.Collect$$_printf_percent$$00000000  c_w.l(_printf_percent.o)
    0x080001e4   0x00000006   Code   RO          959    .ARM.Collect$$_printf_percent$$00000009  c_w.l(_printf_d.o)
    0x080001ea   0x00000006   Code   RO          960    .ARM.Collect$$_printf_percent$$0000000A  c_w.l(_printf_u.o)
    0x080001f0   0x00000006   Code   RO          958    .ARM.Collect$$_printf_percent$$0000000C  c_w.l(_printf_x.o)
    0x080001f6   0x00000006   Code   RO          956    .ARM.Collect$$_printf_percent$$00000013  c_w.l(_printf_c.o)
    0x080001fc   0x00000006   Code   RO          957    .ARM.Collect$$_printf_percent$$00000014  c_w.l(_printf_s.o)
    0x08000202   0x00000004   Code   RO          997    .ARM.Collect$$_printf_percent$$00000017  c_w.l(_printf_percent_end.o)
    0x08000206   0x00000002   Code   RO         1035    .ARM.Collect$$libinit$$00000000  c_w.l(libinit.o)
    0x08000208   0x00000000   Code   RO         1042    .ARM.Collect$$libinit$$00000002  c_w.l(libinit2.o)
    0x08000208   0x00000000   Code   RO         1045    .ARM.Collect$$libinit$$00000008  c_w.l(libinit2.o)
    0x08000208   0x00000000   Code   RO         1047    .ARM.Collect$$libinit$$0000000A  c_w.l(libinit2.o)
    0x08000208   0x00000000   Code   RO         1049    .ARM.Collect$$libinit$$0000000C  c_w.l(libinit2.o)
    0x08000208   0x00000000   Code   RO         1052    .ARM.Collect$$libinit$$0000000F  c_w.l(libinit2.o)
    0x08000208   0x00000000   Code   RO         1054    .ARM.Collect$$libinit$$00000011  c_w.l(libinit2.o)
    0x08000208   0x00000000   Code   RO         1056    .ARM.Collect$$libinit$$00000013  c_w.l(libinit2.o)
    0x08000208   0x00000000   Code   RO         1058    .ARM.Collect$$libinit$$00000015  c_w.l(libinit2.o)
    0x08000208   0x00000000   Code   RO         1060    .ARM.Collect$$libinit$$00000017  c_w.l(libinit2.o)
    0x08000208   0x00000000   Code   RO         1062    .ARM.Collect$$libinit$$00000019  c_w.l(libinit2.o)
    0x08000208   0x00000000   Code   RO         1064    .ARM.Collect$$libinit$$0000001B  c_w.l(libinit2.o)
    0x08000208   0x00000000   Code   RO         1066    .ARM.Collect$$libinit$$0000001D  c_w.l(libinit2.o)
    0x08000208   0x00000000   Code   RO         1068    .ARM.Collect$$libinit$$0000001F  c_w.l(libinit2.o)
    0x08000208   0x00000000   Code   RO         1070    .ARM.Collect$$libinit$$00000021  c_w.l(libinit2.o)
    0x08000208   0x00000000   Code   RO         1072    .ARM.Collect$$libinit$$00000023  c_w.l(libinit2.o)
    0x08000208   0x00000000   Code   RO         1076    .ARM.Collect$$libinit$$0000002A  c_w.l(libinit2.o)
    0x08000208   0x00000000   Code   RO         1078    .ARM.Collect$$libinit$$0000002C  c_w.l(libinit2.o)
    0x08000208   0x00000000   Code   RO         1080    .ARM.Collect$$libinit$$0000002E  c_w.l(libinit2.o)
    0x08000208   0x00000000   Code   RO         1082    .ARM.Collect$$libinit$$00000030  c_w.l(libinit2.o)
    0x08000208   0x00000002   Code   RO         1083    .ARM.Collect$$libinit$$00000031  c_w.l(libinit2.o)
    0x0800020a   0x00000002   Code   RO         1101    .ARM.Collect$$libshutdown$$00000000  c_w.l(libshutdown.o)
    0x0800020c   0x00000000   Code   RO         1112    .ARM.Collect$$libshutdown$$00000003  c_w.l(libshutdown2.o)
    0x0800020c   0x00000000   Code   RO         1115    .ARM.Collect$$libshutdown$$00000006  c_w.l(libshutdown2.o)
    0x0800020c   0x00000000   Code   RO         1118    .ARM.Collect$$libshutdown$$00000009  c_w.l(libshutdown2.o)
    0x0800020c   0x00000000   Code   RO         1120    .ARM.Collect$$libshutdown$$0000000B  c_w.l(libshutdown2.o)
    0x0800020c   0x00000000   Code   RO         1123    .ARM.Collect$$libshutdown$$0000000E  c_w.l(libshutdown2.o)
    0x0800020c   0x00000002   Code   RO         1124    .ARM.Collect$$libshutdown$$0000000F  c_w.l(libshutdown2.o)
    0x0800020e   0x00000000   Code   RO          990    .ARM.Collect$$rtentry$$00000000  c_w.l(rtentry.o)
    0x0800020e   0x00000000   Code   RO         1004    .ARM.Collect$$rtentry$$00000002  c_w.l(rtentry2.o)
    0x0800020e   0x00000006   Code   RO         1016    .ARM.Collect$$rtentry$$00000004  c_w.l(rtentry4.o)
    0x08000214   0x00000000   Code   RO         1006    .ARM.Collect$$rtentry$$00000009  c_w.l(rtentry2.o)
    0x08000214   0x00000004   Code   RO         1007    .ARM.Collect$$rtentry$$0000000A  c_w.l(rtentry2.o)
    0x08000218   0x00000000   Code   RO         1009    .ARM.Collect$$rtentry$$0000000C  c_w.l(rtentry2.o)
    0x08000218   0x00000008   Code   RO         1010    .ARM.Collect$$rtentry$$0000000D  c_w.l(rtentry2.o)
    0x08000220   0x00000002   Code   RO         1039    .ARM.Collect$$rtexit$$00000000  c_w.l(rtexit.o)
    0x08000222   0x00000000   Code   RO         1085    .ARM.Collect$$rtexit$$00000002  c_w.l(rtexit2.o)
    0x08000222   0x00000004   Code   RO         1086    .ARM.Collect$$rtexit$$00000003  c_w.l(rtexit2.o)
    0x08000226   0x00000006   Code   RO         1087    .ARM.Collect$$rtexit$$00000004  c_w.l(rtexit2.o)
    0x0800022c   0x00000038   Code   RO            4    .text               startup_stm32f10x_hd.o
    0x08000264   0x00000002   Code   RO          901    .text               c_w.l(use_no_semi_2.o)
    0x08000266   0x00000002   PAD
    0x08000268   0x00000018   Code   RO          905    .text               c_w.l(noretval__2printf.o)
    0x08000280   0x0000004e   Code   RO          909    .text               c_w.l(_printf_pad.o)
    0x080002ce   0x00000052   Code   RO          911    .text               c_w.l(_printf_str.o)
    0x08000320   0x00000074   Code   RO          913    .text               c_w.l(_printf_dec.o)
    0x08000394   0x00000058   Code   RO          918    .text               c_w.l(_printf_hex_int.o)
    0x080003ec   0x00000188   Code   RO          953    .text               c_w.l(__printf_flags_ss_wp.o)
    0x08000574   0x00000006   Code   RO          962    .text               c_w.l(heapauxi.o)
    0x0800057a   0x00000002   Code   RO          988    .text               c_w.l(use_no_semi.o)
    0x0800057c   0x000000b2   Code   RO          991    .text               c_w.l(_printf_intcommon.o)
    0x0800062e   0x0000002c   Code   RO          993    .text               c_w.l(_printf_char.o)
    0x0800065a   0x00000002   PAD
    0x0800065c   0x00000024   Code   RO          995    .text               c_w.l(_printf_char_file.o)
    0x08000680   0x00000030   Code   RO         1018    .text               c_w.l(_printf_char_common.o)
    0x080006b0   0x00000008   Code   RO         1020    .text               c_w.l(ferror.o)
    0x080006b8   0x0000004a   Code   RO         1024    .text               c_w.l(sys_stackheap_outer.o)
    0x08000702   0x0000000c   Code   RO         1028    .text               c_w.l(exit.o)
    0x0800070e   0x00000002   PAD
    0x08000710   0x00000008   Code   RO         1036    .text               c_w.l(libspace.o)
    0x08000718   0x00000050   Code   RO          494    i.EXTI0_IRQHandler  exti.o
    0x08000768   0x0000005c   Code   RO          495    i.EXTI15_10_IRQHandler  exti.o
    0x080007c4   0x0000005c   Code   RO          496    i.EXTI15_Init       exti.o
    0x08000820   0x00000034   Code   RO          497    i.EXTI9_5_IRQHandler  exti.o
    0x08000854   0x000000a0   Code   RO          147    i.Ex_NVIC_Config    sys.o
    0x080008f4   0x00000030   Code   RO          148    i.JTAG_Set          sys.o
    0x08000924   0x00000088   Code   RO          289    i.LCD_Clear         ili93xx.o
    0x080009ac   0x000001a8   Code   RO          293    i.LCD_Display_Dir   ili93xx.o
    0x08000b54   0x0000025c   Code   RO          298    i.LCD_Fast_DrawPoint  ili93xx.o
    0x08000db0   0x000000d4   Code   RO          299    i.LCD_Fill          ili93xx.o
    0x08000e84   0x00003a4c   Code   RO          300    i.LCD_Init          ili93xx.o
    0x080048d0   0x00000070   Code   RO          302    i.LCD_RD_DATA       ili93xx.o
    0x08004940   0x00000010   Code   RO          304    i.LCD_ReadReg       ili93xx.o
    0x08004950   0x00000434   Code   RO          305    i.LCD_Scan_Dir      ili93xx.o
    0x08004d84   0x00000224   Code   RO          306    i.LCD_SetCursor     ili93xx.o
    0x08004fa8   0x00000128   Code   RO          308    i.LCD_ShowChar      ili93xx.o
    0x080050d0   0x00000066   Code   RO          310    i.LCD_ShowString    ili93xx.o
    0x08005136   0x00000002   PAD
    0x08005138   0x00000024   Code   RO          312    i.LCD_WR_DATAX      ili93xx.o
    0x0800515c   0x00000024   Code   RO          313    i.LCD_WR_REG        ili93xx.o
    0x08005180   0x00000010   Code   RO          315    i.LCD_WriteRAM_Prepare  ili93xx.o
    0x08005190   0x00000030   Code   RO          316    i.LCD_WriteReg      ili93xx.o
    0x080051c0   0x00000070   Code   RO          268    i.LED_Init          led.o
    0x08005230   0x00000068   Code   RO          149    i.MYRCC_DeInit      sys.o
    0x08005298   0x00000078   Code   RO          150    i.MY_NVIC_Init      sys.o
    0x08005310   0x00000028   Code   RO          151    i.MY_NVIC_PriorityGroupConfig  sys.o
    0x08005338   0x00000014   Code   RO          152    i.MY_NVIC_SetVectorTable  sys.o
    0x0800534c   0x00000032   Code   RO          592    i.OV7670_Brightness  ov7670.o
    0x0800537e   0x0000007a   Code   RO          593    i.OV7670_Color_Saturation  ov7670.o
    0x080053f8   0x00000032   Code   RO          594    i.OV7670_Contrast   ov7670.o
    0x0800542a   0x00000002   PAD
    0x0800542c   0x000000e8   Code   RO          595    i.OV7670_Init       ov7670.o
    0x08005514   0x0000005c   Code   RO          596    i.OV7670_Light_Mode  ov7670.o
    0x08005570   0x0000006a   Code   RO          597    i.OV7670_Special_Effects  ov7670.o
    0x080055da   0x0000008a   Code   RO          598    i.OV7670_Window_Set  ov7670.o
    0x08005664   0x0000004c   Code   RO          654    i.SCCB_Init         sccb.o
    0x080056b0   0x00000040   Code   RO          655    i.SCCB_No_Ack       sccb.o
    0x080056f0   0x00000074   Code   RO          656    i.SCCB_RD_Byte      sccb.o
    0x08005764   0x0000004e   Code   RO          657    i.SCCB_RD_Reg       sccb.o
    0x080057b2   0x00000002   PAD
    0x080057b4   0x00000034   Code   RO          658    i.SCCB_Start        sccb.o
    0x080057e8   0x00000034   Code   RO          659    i.SCCB_Stop         sccb.o
    0x0800581c   0x000000ac   Code   RO          660    i.SCCB_WR_Byte      sccb.o
    0x080058c8   0x0000003e   Code   RO          661    i.SCCB_WR_Reg       sccb.o
    0x08005906   0x00000002   PAD
    0x08005908   0x00000090   Code   RO          153    i.Stm32_Clock_Init  sys.o
    0x08005998   0x000000b8   Code   RO          546    i.TIM2_IRQHandler   timer.o
    0x08005a50   0x00000038   Code   RO          547    i.TIM3_IRQHandler   timer.o
    0x08005a88   0x00000050   Code   RO          548    i.TIM3_Int_Init     timer.o
    0x08005ad8   0x0000003c   Code   RO          716    i.TIM4_IRQHandler   usmart.o
    0x08005b14   0x00000050   Code   RO          717    i.Timer4_Init       usmart.o
    0x08005b64   0x0000009c   Code   RO          218    i.USART1_IRQHandler  usart.o
    0x08005c00   0x0000000e   Code   RO          946    i._is_digit         c_w.l(__printf_wp.o)
    0x08005c0e   0x00000006   Code   RO          219    i._sys_exit         usart.o
    0x08005c14   0x0000008c   Code   RO           12    i.camera_refresh    test.o
    0x08005ca0   0x00000040   Code   RO          112    i.delay_init        delay.o
    0x08005ce0   0x0000003c   Code   RO          113    i.delay_ms          delay.o
    0x08005d1c   0x0000003c   Code   RO          114    i.delay_us          delay.o
    0x08005d58   0x0000001c   Code   RO          220    i.fputc             usart.o
    0x08005d74   0x00000174   Code   RO           13    i.main              test.o
    0x08005ee8   0x00000100   Code   RO           14    i.pixels            test.o
    0x08005fe8   0x00000006   Code   RO          718    i.read_addr         usmart.o
    0x08005fee   0x00000002   PAD
    0x08005ff0   0x000000e4   Code   RO          221    i.uart_init         usart.o
    0x080060d4   0x000000b0   Code   RO          719    i.usmart_cmd_rec    usmart.o
    0x08006184   0x000002d8   Code   RO          720    i.usmart_exe        usmart.o
    0x0800645c   0x000000c8   Code   RO          821    i.usmart_get_aparm  usmart_str.o
    0x08006524   0x00000036   Code   RO          822    i.usmart_get_cmdname  usmart_str.o
    0x0800655a   0x00000002   PAD
    0x0800655c   0x000001c0   Code   RO          823    i.usmart_get_fname  usmart_str.o
    0x0800671c   0x0000010c   Code   RO          824    i.usmart_get_fparam  usmart_str.o
    0x08006828   0x00000020   Code   RO          825    i.usmart_get_parmpos  usmart_str.o
    0x08006848   0x00000040   Code   RO          721    i.usmart_get_runtime  usmart.o
    0x08006888   0x00000028   Code   RO          722    i.usmart_init       usmart.o
    0x080068b0   0x00000016   Code   RO          826    i.usmart_pow        usmart_str.o
    0x080068c6   0x00000002   PAD
    0x080068c8   0x00000030   Code   RO          723    i.usmart_reset_runtime  usmart.o
    0x080068f8   0x000000bc   Code   RO          724    i.usmart_scan       usmart.o
    0x080069b4   0x00000016   Code   RO          827    i.usmart_search_nextc  usmart_str.o
    0x080069ca   0x000000ca   Code   RO          828    i.usmart_str2num    usmart_str.o
    0x08006a94   0x00000022   Code   RO          829    i.usmart_strcmp     usmart_str.o
    0x08006ab6   0x00000016   Code   RO          830    i.usmart_strcopy    usmart_str.o
    0x08006acc   0x00000018   Code   RO          831    i.usmart_strlen     usmart_str.o
    0x08006ae4   0x000006e4   Code   RO          725    i.usmart_sys_cmd_exe  usmart.o
    0x080071c8   0x00000004   Code   RO          726    i.write_addr        usmart.o
    0x080071cc   0x000000c4   Code   RO          966    x$fpl$fadd          fz_ws.l(faddsub_clz.o)
    0x08007290   0x00000184   Code   RO          973    x$fpl$fdiv          fz_ws.l(fdiv.o)
    0x08007414   0x0000003e   Code   RO          976    x$fpl$ffixu         fz_ws.l(ffixu.o)
    0x08007452   0x00000002   PAD
    0x08007454   0x00000026   Code   RO          980    x$fpl$ffltu         fz_ws.l(fflt_clz.o)
    0x0800747a   0x00000002   PAD
    0x0800747c   0x00000102   Code   RO          986    x$fpl$fmul          fz_ws.l(fmul.o)
    0x0800757e   0x0000008c   Code   RO          998    x$fpl$fnaninf       fz_ws.l(fnaninf.o)
    0x0800760a   0x0000000a   Code   RO         1000    x$fpl$fretinf       fz_ws.l(fretinf.o)
    0x08007614   0x00000014   Code   RO          967    x$fpl$frsb          fz_ws.l(faddsub_clz.o)
    0x08007628   0x000000ea   Code   RO          968    x$fpl$fsub          fz_ws.l(faddsub_clz.o)
    0x08007712   0x00000000   Code   RO         1002    x$fpl$usenofp       fz_ws.l(usenofp.o)
    0x08007712   0x000017c0   Data   RO          318    .constdata          ili93xx.o
    0x08008ed2   0x000000e8   Data   RO          599    .constdata          ov7670.o
    0x08008fba   0x00000028   Data   RO          919    .constdata          c_w.l(_printf_hex_int.o)
    0x08008fe2   0x00000011   Data   RO          954    .constdata          c_w.l(__printf_flags_ss_wp.o)
    0x08008ff3   0x00000001   PAD
    0x08008ff4   0x00000028   Data   RO          727    .conststring        usmart.o
    0x0800901c   0x00000156   Data   RO          800    .conststring        usmart_config.o
    0x08009172   0x00000002   PAD
    0x08009174   0x00000020   Data   RO         1156    Region$$Table       anon$$obj.o


    Execution Region RW_IRAM1 (Base: 0x20000000, Size: 0x000008c8, Max: 0x0000c000, ABSOLUTE, COMPRESSED[0x00000080])

    Base Addr    Size         Type   Attr      Idx    E Section Name        Object

    0x20000000   0x00000005   Data   RW           15    .data               test.o
    0x20000005   0x00000001   PAD
    0x20000006   0x00000004   Data   RW          115    .data               delay.o
    0x2000000a   0x00000002   PAD
    0x2000000c   0x00000006   Data   RW          223    .data               usart.o
    0x20000012   0x00000004   Data   RW          319    .data               ili93xx.o
    0x20000016   0x00000001   Data   RW          499    .data               exti.o
    0x20000017   0x00000001   PAD
    0x20000018   0x0000000c   Data   RW          549    .data               timer.o
    0x20000024   0x0000001c   Data   RW          728    .data               usmart.o
    0x20000040   0x0000014c   Data   RW          801    .data               usmart_config.o
    0x2000018c   0x000000c8   Zero   RW          222    .bss                usart.o
    0x20000254   0x0000000e   Zero   RW          317    .bss                ili93xx.o
    0x20000262   0x00000002   PAD
    0x20000264   0x00000060   Zero   RW         1037    .bss                c_w.l(libspace.o)
    0x200002c4   0x00000004   PAD
    0x200002c8   0x00000200   Zero   RW            2    HEAP                startup_stm32f10x_hd.o
    0x200004c8   0x00000400   Zero   RW            1    STACK               startup_stm32f10x_hd.o


==============================================================================

Image component sizes


      Code (inc. data)   RO Data    RW Data    ZI Data      Debug   Object Name

       184         16          0          4          0       1687   delay.o
       316         60          0          1          0       2130   exti.o
     18586        236       6080          4         14      22564   ili93xx.o
       112         12          0          0          0        443   led.o
       790         38        232          0          0       4917   ov7670.o
       672         64          0          0          0       4277   sccb.o
        56         22        304          0       1536        792   startup_stm32f10x_hd.o
       636         68          0          0          0       3940   sys.o
       768        120          0          5          0     209856   test.o
       320         32          0         12          0       1918   timer.o
       418         36          0          6        200       4130   usart.o
      3158       1336         40         28          0       7334   usmart.o
         0          0        342        332          0       1636   usmart_config.o
      1328         20          0          0          0       8229   usmart_str.o

    ----------------------------------------------------------------------
     27358       2060       7032        396       1752     273853   Object Totals
         0          0         32          0          0          0   (incl. Generated)
        14          0          2          4          2          0   (incl. Padding)

    ----------------------------------------------------------------------

      Code (inc. data)   RO Data    RW Data    ZI Data      Debug   Library Member Name

        90          0          0          0          0          0   __dczerorl2.o
         8          0          0          0          0         68   __main.o
       392          4         17          0          0         92   __printf_flags_ss_wp.o
        14          0          0          0          0         68   __printf_wp.o
        52          8          0          0          0          0   __scatter.o
        28          0          0          0          0          0   __scatter_zi.o
         6          0          0          0          0          0   _printf_c.o
        44          0          0          0          0        108   _printf_char.o
        48          6          0          0          0         96   _printf_char_common.o
        36          4          0          0          0         80   _printf_char_file.o
         6          0          0          0          0          0   _printf_d.o
       116         16          0          0          0         92   _printf_dec.o
        88          4         40          0          0         88   _printf_hex_int.o
       178          0          0          0          0         88   _printf_intcommon.o
        78          0          0          0          0        108   _printf_pad.o
         0          0          0          0          0          0   _printf_percent.o
         4          0          0          0          0          0   _printf_percent_end.o
         6          0          0          0          0          0   _printf_s.o
        82          0          0          0          0         80   _printf_str.o
         6          0          0          0          0          0   _printf_u.o
         6          0          0          0          0          0   _printf_x.o
        12          0          0          0          0         72   exit.o
         8          0          0          0          0         68   ferror.o
         6          0          0          0          0        152   heapauxi.o
         2          0          0          0          0          0   libinit.o
         2          0          0          0          0          0   libinit2.o
         2          0          0          0          0          0   libshutdown.o
         2          0          0          0          0          0   libshutdown2.o
         8          4          0          0         96         68   libspace.o
        24          4          0          0          0         84   noretval__2printf.o
         0          0          0          0          0          0   rtentry.o
        12          0          0          0          0          0   rtentry2.o
         6          0          0          0          0          0   rtentry4.o
         2          0          0          0          0          0   rtexit.o
        10          0          0          0          0          0   rtexit2.o
        74          0          0          0          0         80   sys_stackheap_outer.o
         2          0          0          0          0         68   use_no_semi.o
         2          0          0          0          0         68   use_no_semi_2.o
       450          8          0          0          0        236   faddsub_clz.o
       388         76          0          0          0         96   fdiv.o
        62          4          0          0          0         84   ffixu.o
        38          0          0          0          0         68   fflt_clz.o
       258          4          0          0          0         84   fmul.o
       140          4          0          0          0         84   fnaninf.o
        10          0          0          0          0         68   fretinf.o
         0          0          0          0          0          0   usenofp.o

    ----------------------------------------------------------------------
      2820        146         58          0        100       2348   Library Totals
        12          0          1          0          4          0   (incl. Padding)

    ----------------------------------------------------------------------

      Code (inc. data)   RO Data    RW Data    ZI Data      Debug   Library Name

      1462         50         57          0         96       1628   c_w.l
      1346         96          0          0          0        720   fz_ws.l

    ----------------------------------------------------------------------
      2820        146         58          0        100       2348   Library Totals

    ----------------------------------------------------------------------

==============================================================================


      Code (inc. data)   RO Data    RW Data    ZI Data      Debug   

     30178       2206       7090        396       1852     271101   Grand Totals
     30178       2206       7090        128       1852     271101   ELF Image Totals (compressed)
     30178       2206       7090        128          0          0   ROM Totals

==============================================================================

    Total RO  Size (Code + RO Data)                37268 (  36.39kB)
    Total RW  Size (RW Data + ZI Data)              2248 (   2.20kB)
    Total ROM Size (Code + RO Data + RW Data)      37396 (  36.52kB)

==============================================================================

